ew D/VideoCapturerAndroid: startCapture requested: 1280x720@30
10-16 13:11:31.949 24834-29466/com.quickblox.sample.videochatwebrtcnew D/VideoCapturerAndroid: Opening camera 1
10-16 13:11:31.949 24834-29442/com.quickblox.sample.videochatwebrtcnew D/RTCClient.QBRTCSession: onReceiveLocalVideoTrack=ARDAMSv0
10-16 13:11:31.949 24834-29442/com.quickblox.sample.videochatwebrtcnew D/LooperExecutor: Request Looper execute.
10-16 13:11:31.949 24834-29442/com.quickblox.sample.videochatwebrtcnew D/LooperExecutor: POST.Run on thread:1402
10-16 13:11:31.949 24834-24973/com.quickblox.sample.videochatwebrtcnew D/QBGLVideoView: setVideoTrack
10-16 13:11:31.949 24834-29442/com.quickblox.sample.videochatwebrtcnew D/AppRTCAudioManager: Android SDK: 18, Release: 4.3, Brand: google, Device: maguro, Id: JWR66Y, Hardware: tuna, Manufacturer: samsung, Model: Galaxy Nexus, Product: yakju
10-16 13:11:31.949 24834-29442/com.quickblox.sample.videochatwebrtcnew D/AppRTCAudioManager: init
10-16 13:11:31.949 24834-24973/com.quickblox.sample.videochatwebrtcnew D/ConversationFragment: onLocalVideoTrackReceive() is raned
10-16 13:11:31.965 24834-29442/com.quickblox.sample.videochatwebrtcnew D/AppRTCAudioManager: Add WIRED_HEADSET to devices
10-16 13:11:31.965 24834-29442/com.quickblox.sample.videochatwebrtcnew D/AppRTCAudioManager: Add SPEAKER_PHONE to devices
10-16 13:11:31.965 24834-29442/com.quickblox.sample.videochatwebrtcnew D/AppRTCAudioManager: Add EARPIECE to devices
10-16 13:11:31.965 24834-29442/com.quickblox.sample.videochatwebrtcnew D/AppRTCAudioManager: audioDevices: [EARPIECE, SPEAKER_PHONE, WIRED_HEADSET]
10-16 13:11:31.965 24834-29442/com.quickblox.sample.videochatwebrtcnew D/AppRTCAudioManager: device=EARPIECE
10-16 13:11:31.965 24834-29442/com.quickblox.sample.videochatwebrtcnew D/AppRTCAudioManager: device=SPEAKER_PHONE
10-16 13:11:31.965 24834-29442/com.quickblox.sample.videochatwebrtcnew D/AppRTCAudioManager: device=WIRED_HEADSET
10-16 13:11:31.965 24834-29442/com.quickblox.sample.videochatwebrtcnew D/AppRTCAudioManager: setAudioDevice(device=SPEAKER_PHONE)
10-16 13:11:31.972 24834-29442/com.quickblox.sample.videochatwebrtcnew D/AppRTCAudioManager: onAudioManagerChangedState: devices=[EARPIECE, SPEAKER_PHONE, WIRED_HEADSET], selected=SPEAKER_PHONE
10-16 13:11:31.972 24834-29441/com.quickblox.sample.videochatwebrtcnew D/RTCClient.QBPeerChannel.PCObserver:: onRenegotiationNeeded
10-16 13:11:31.980 24834-29441/com.quickblox.sample.videochatwebrtcnew D/RTCClient.QBPeerChannel.SDPObserver:: SDP successfully created
10-16 13:11:31.980 24834-29441/com.quickblox.sample.videochatwebrtcnew D/RTCClient.RTCMediaUtils: generateLocalDescription:  audioCodec=ISAC
10-16 13:11:31.980 24834-29441/com.quickblox.sample.videochatwebrtcnew D/RTCClient.RTCMediaUtils: Found ISAC rtpmap 103, prefer at m=audio 9 RTP/SAVPF 111 103 9 102 0 8 106 105 13 127 126
10-16 13:11:31.980 24834-29441/com.quickblox.sample.videochatwebrtcnew D/RTCClient.RTCMediaUtils: Change media description: m=audio 9 RTP/SAVPF 103 111 9 102 0 8 106 105 13 127 126
10-16 13:11:31.980 24834-29441/com.quickblox.sample.videochatwebrtcnew D/LooperExecutor: Request Looper execute.
10-16 13:11:31.980 24834-29441/com.quickblox.sample.videochatwebrtcnew D/LooperExecutor: POST.Run on thread:1545
10-16 13:11:31.996 24834-29441/com.quickblox.sample.videochatwebrtcnew D/RTCClient.QBPeerChannel.PCObserver:: onSignalingChange to HAVE_LOCAL_OFFER
10-16 13:11:32.004 24834-29441/com.quickblox.sample.videochatwebrtcnew D/RTCClient.QBPeerChannel.PCObserver:: onIceGatheringChange to GATHERING
10-16 13:11:32.004 24834-29441/com.quickblox.sample.videochatwebrtcnew D/RTCClient.QBPeerChannel.PCObserver:: onIceGatheringChange to GATHERING
10-16 13:11:32.004 24834-29441/com.quickblox.sample.videochatwebrtcnew D/RTCClient.QBPeerChannel.PCObserver:: onIceGatheringChange to GATHERING
10-16 13:11:32.004 24834-29441/com.quickblox.sample.videochatwebrtcnew D/RTCClient.QBPeerChannel.PCObserver:: onIceGatheringChange to GATHERING
10-16 13:11:32.004 24834-29441/com.quickblox.sample.videochatwebrtcnew D/RTCClient.QBPeerChannel.SDPObserver:: onSetSuccess
10-16 13:11:32.012 24834-29441/com.quickblox.sample.videochatwebrtcnew D/LooperExecutor: Request Looper execute.
10-16 13:11:32.012 24834-29441/com.quickblox.sample.videochatwebrtcnew D/LooperExecutor: POST.Run on thread:1545
10-16 13:11:32.012 24834-29442/com.quickblox.sample.videochatwebrtcnew D/RTCClient.QBPeerChannel.SDPObserver:: Local SDP set successfully
10-16 13:11:32.012 24834-29477/com.quickblox.sample.videochatwebrtcnew D/RTCClient.QBPeerChannel: dialing for opponent 5739691
10-16 13:11:32.012 24834-29441/com.quickblox.sample.videochatwebrtcnew D/RTCClient.QBPeerChannel.PCObserver:: onIceCandidate: 0 audio
10-16 13:11:32.012 24834-29441/com.quickblox.sample.videochatwebrtcnew D/LooperExecutor: Request Looper execute.
10-16 13:11:32.012 24834-29441/com.quickblox.sample.videochatwebrtcnew D/LooperExecutor: POST.Run on thread:1545
10-16 13:11:32.012 24834-29441/com.quickblox.sample.videochatwebrtcnew D/RTCClient.QBPeerChannel.PCObserver:: onIceCandidate: 0 audio
10-16 13:11:32.012 24834-29441/com.quickblox.sample.videochatwebrtcnew D/LooperExecutor: Request Looper execute.
10-16 13:11:32.012 24834-29441/com.quickblox.sample.videochatwebrtcnew D/LooperExecutor: POST.Run on thread:1545
10-16 13:11:32.019 24834-29477/com.quickblox.sample.videochatwebrtcnew D/RTCClient.QBRTCSession: onSessionDescriptionSend for channel opponent 5739691
10-16 13:11:32.019 24834-29441/com.quickblox.sample.videochatwebrtcnew D/RTCClient.QBPeerChannel.PCObserver:: onIceCandidate: 1 video
10-16 13:11:32.019 24834-29477/com.quickblox.sample.videochatwebrtcnew D/LooperExecutor: Request Looper execute.
10-16 13:11:32.019 24834-29477/com.quickblox.sample.videochatwebrtcnew D/LooperExecutor: POST.Run on thread:1402
10-16 13:11:32.019 24834-24973/com.quickblox.sample.videochatwebrtcnew D/RTCClient.QBSignalChannel: start assemble CallRequestMessage
10-16 13:11:32.019 24834-24973/com.quickblox.sample.videochatwebrtcnew D/RTCClient.QBSignalChannel: assembled message [session: 5fa7258e-0d61-426c-a921-51a6a9f6e9c1]
10-16 13:11:32.019 24834-29441/com.quickblox.sample.videochatwebrtcnew D/LooperExecutor: Request Looper execute.
10-16 13:11:32.019 24834-24973/com.quickblox.sample.videochatwebrtcnew D/RTCClient.QBRTCSession: call message is sending to opponent5739691
10-16 13:11:32.019 24834-29441/com.quickblox.sample.videochatwebrtcnew D/LooperExecutor: POST.Run on thread:1545
10-16 13:11:32.019 24834-29441/com.quickblox.sample.videochatwebrtcnew D/RTCClient.QBPeerChannel.PCObserver:: onIceCandidate: 1 video
10-16 13:11:32.019 24834-29441/com.quickblox.sample.videochatwebrtcnew D/LooperExecutor: Request Looper execute.
10-16 13:11:32.019 24834-29441/com.quickblox.sample.videochatwebrtcnew D/LooperExecutor: POST.Run on thread:1545
10-16 13:11:32.113 24834-29441/com.quickblox.sample.videochatwebrtcnew D/RTCClient.QBPeerChannel.PCObserver:: onIceCandidate: 0 audio
10-16 13:11:32.113 24834-29441/com.quickblox.sample.videochatwebrtcnew D/LooperExecutor: Request Looper execute.
10-16 13:11:32.113 24834-29441/com.quickblox.sample.videochatwebrtcnew D/LooperExecutor: POST.Run on thread:1545
10-16 13:11:32.113 24834-29441/com.quickblox.sample.videochatwebrtcnew D/RTCClient.QBPeerChannel.PCObserver:: onIceCandidate: 0 audio
10-16 13:11:32.113 24834-29441/com.quickblox.sample.videochatwebrtcnew D/LooperExecutor: Request Looper execute.
10-16 13:11:32.113 24834-29441/com.quickblox.sample.videochatwebrtcnew D/LooperExecutor: POST.Run on thread:1545
10-16 13:11:32.121 24834-29441/com.quickblox.sample.videochatwebrtcnew D/RTCClient.QBPeerChannel.PCObserver:: onIceCandidate: 1 video
10-16 13:11:32.121 24834-29441/com.quickblox.sample.videochatwebrtcnew D/LooperExecutor: Request Looper execute.
10-16 13:11:32.121 24834-29441/com.quickblox.sample.videochatwebrtcnew D/LooperExecutor: POST.Run on thread:1545
10-16 13:11:32.121 24834-29441/com.quickblox.sample.videochatwebrtcnew D/RTCClient.QBPeerChannel.PCObserver:: onIceCandidate: 1 video
10-16 13:11:32.121 24834-29441/com.quickblox.sample.videochatwebrtcnew D/LooperExecutor: Request Looper execute.
10-16 13:11:32.121 24834-29441/com.quickblox.sample.videochatwebrtcnew D/LooperExecutor: POST.Run on thread:1545
10-16 13:11:32.183 24834-29466/com.quickblox.sample.videochatwebrtcnew D/VideoCapturerAndroid: Camera orientation: 270 .Device orientation: 0
10-16 13:11:32.183 24834-29466/com.quickblox.sample.videochatwebrtcnew D/VideoCapturerAndroid: isVideoStabilizationSupported: true
10-16 13:11:32.183 24834-29466/com.quickblox.sample.videochatwebrtcnew D/VideoCapturerAndroid: Start capturing: 1280x720@[24000:30000]
10-16 13:11:32.230 24834-29466/com.quickblox.sample.videochatwebrtcnew D/dalvikvm: GC_FOR_ALLOC freed 2649K, 4% free 87319K/90100K, paused 47ms, total 47ms
10-16 13:11:32.254 24834-29466/com.quickblox.sample.videochatwebrtcnew D/VideoCapturerAndroid: queueCameraBuffers enqued 3 buffers of size 1382400.
10-16 13:11:32.262 24834-24950/com.quickblox.sample.videochatwebrtcnew D/SMACK: SENT (0): <message id='1444990292024' to='5739691-92@chat.quickblox.com' type='headline'><extraParams xmlns='jabber:client'><platform>android</platform><sessionID>5fa7258e-0d61-426c-a921-51a6a9f6e9c1</sessionID><callerID>5739698</callerID><signalType>call</signalType><moduleIdentifier>WebRTCVideoChat</moduleIdentifier><version_sdk>2.2.6</version_sdk><sdp>v=0
10-16 13:11:32.262 24834-24950/com.quickblox.sample.videochatwebrtcnew D/SMACK: o=- 6910593134890182344 2 IN IP4 127.0.0.1
10-16 13:11:32.262 24834-24950/com.quickblox.sample.videochatwebrtcnew D/SMACK: s=-
10-16 13:11:32.262 24834-24950/com.quickblox.sample.videochatwebrtcnew D/SMACK: t=0 0
10-16 13:11:32.262 24834-24950/com.quickblox.sample.videochatwebrtcnew D/SMACK: a=group:BUNDLE audio video
10-16 13:11:32.262 24834-24950/com.quickblox.sample.videochatwebrtcnew D/SMACK: a=msid-semantic: WMS ARDAMS
10-16 13:11:32.262 24834-24950/com.quickblox.sample.videochatwebrtcnew D/SMACK: m=audio 9 RTP/SAVPF 103 111 9 102 0 8 106 105 13 127 126
10-16 13:11:32.262 24834-24950/com.quickblox.sample.videochatwebrtcnew D/SMACK: c=IN IP4 0.0.0.0
10-16 13:11:32.262 24834-24950/com.quickblox.sample.videochatwebrtcnew D/SMACK: a=rtcp:9 IN IP4 0.0.0.0
10-16 13:11:32.262 24834-24950/com.quickblox.sample.videochatwebrtcnew D/SMACK: a=ice-ufrag:musmZZukIplywOfN
10-16 13:11:32.262 24834-24950/com.quickblox.sample.videochatwebrtcnew D/SMACK: a=ice-pwd:AmAZruzlF/GWgl9sji6Y1HZ2
10-16 13:11:32.262 24834-24950/com.quickblox.sample.videochatwebrtcnew D/SMACK: a=fingerprint:sha-256 A0:B8:86:79:97:0E:38:AF:4A:EF:A0:5A:9D:DE:AB:6A:99:36:BF:E2:17:F1:80:DA:BC:95:6C:FB:96:28:5F:20
10-16 13:11:32.262 24834-24950/com.quickblox.sample.videochatwebrtcnew D/SMACK: a=setup:actpass
10-16 13:11:32.262 24834-24950/com.quickblox.sample.videochatwebrtcnew D/SMACK: a=mid:audio
10-16 13:11:32.262 24834-24950/com.quickblox.sample.videochatwebrtcnew D/SMACK: a=extmap:1 urn:ietf:params:rtp-hdrext:ssrc-audio-level
10-16 13:11:32.262 24834-24950/com.quickblox.sample.videochatwebrtcnew D/SMACK: a=extmap:3 http://www.webrtc.org/experiments/rtp-hdrext/abs-send-time
10-16 13:11:32.262 24834-24950/com.quickblox.sample.videochatwebrtcnew D/SMACK: a=sendrecv
10-16 13:11:32.262 24834-24950/com.quickblox.sample.videochatwebrtcnew D/SMACK: a=rtcp-mux
10-16 13:11:32.262 24834-24950/com.quickblox.sample.videochatwebrtcnew D/SMACK: a=rtpmap:103 ISAC/16000
10-16 13:11:32.262 24834-24950/com.quickblox.sample.videochatwebrtcnew D/SMACK: a=rtpmap:111 opus/48000/2
10-16 13:11:32.262 24834-24950/com.quickblox.sample.videochatwebrtcnew D/SMACK: a=fmtp:111 minptime=10; useinbandfec=1
10-16 13:11:32.262 24834-24950/com.quickblox.sample.videochatwebrtcnew D/SMACK: a=rtpmap:9 G722/8000
10-16 13:11:32.262 24834-24950/com.quickblox.sample.videochatwebrtcnew D/SMACK: a=rtpmap:102 ILBC/8000
10-16 13:11:32.262 24834-24950/com.quickblox.sample.videochatwebrtcnew D/SMACK: a=rtpmap:0 PCMU/8000
10-16 13:11:32.262 24834-24950/com.quickblox.sample.videochatwebrtcnew D/SMACK: a=rtpmap:8 PCMA/8000
10-16 13:11:32.262 24834-24950/com.quickblox.sample.videochatwebrtcnew D/SMACK: a=rtpmap:106 CN/32000
10-16 13:11:32.262 24834-24950/com.quickblox.sample.videochatwebrtcnew D/SMACK: a=rtpmap:105 CN/16000
10-16 13:11:32.262 24834-24950/com.quickblox.sample.videochatwebrtcnew D/SMACK: a=rtpmap:13 CN/8000
10-16 13:11:32.262 24834-24950/com.quickblox.sample.videochatwebrtcnew D/SMACK: a=rtpmap:127 red/8000
10-16 13:11:32.262 24834-24950/com.quickblox.sample.videochatwebrtcnew D/SMACK: a=rtpmap:126 telephone-event/8000
10-16 13:11:32.262 24834-24950/com.quickblox.sample.videochatwebrtcnew D/SMACK: a=maxptime:60
10-16 13:11:32.262 24834-24950/com.quickblox.sample.videochatwebrtcnew D/SMACK: a=ssrc:3561937191 cname:pRe9VNc/KX4cHJca
10-16 13:11:32.262 24834-24950/com.quickblox.sample.videochatwebrtcnew D/SMACK: a=ssrc:3561937191 msid:ARDAMS ARDAMSa0
10-16 13:11:32.262 24834-24950/com.quickblox.sample.videochatwebrtcnew D/SMACK: a=ssrc:3561937191 mslabel:ARDAMS
10-16 13:11:32.262 24834-24950/com.quickblox.sample.videochatwebrtcnew D/SMACK: a=ssrc:3561937191 label:ARDAMSa0
10-16 13:11:32.262 24834-24950/com.quickblox.sample.videochatwebrtcnew D/SMACK: m=video 9 RTP/SAVPF 100 116 117 96
10-16 13:11:32.262 24834-24950/com.quickblox.sample.videochatwebrtcnew D/SMACK: c=IN IP4 0.0.0.0
10-16 13:11:32.262 24834-24950/com.quickblox.sample.videochatwebrtcnew D/SMACK: a=rtcp:9 IN IP4 0.0.0.0
10-16 13:11:32.262 24834-24950/com.quickblox.sample.videochatwebrtcnew D/SMACK: a=ice-ufrag:musmZZukIplywOfN
10-16 13:11:32.262 24834-24950/com.quickblox.sample.videochatwebrtcnew D/SMACK: a=ice-pwd:AmAZruzlF/GWgl9sji6Y1HZ2
10-16 13:11:32.262 24834-24950/com.quickblox.sample.videochatwebrtcnew D/SMACK: a=fingerprint:sha-256 A0:B8:86:79:97:0E:38:AF:4A:EF:A0:5A:9D:DE:AB:6A:99:36:BF:E2:17:F1:80:DA:BC:95:6C:FB:96:28:5F:20
10-16 13:11:32.262 24834-24950/com.quickblox.sample.videochatwebrtcnew D/SMACK: a=setup:actpass
10-16 13:11:32.262 24834-24950/com.quickblox.sample.videochatwebrtcnew D/SMACK: a=mid:video
10-16 13:11:32.262 24834-24950/com.quickblox.sample.videochatwebrtcnew D/SMACK: a=extmap:2 urn:ietf:params:rtp-hdrext:toffset
10-16 13:11:32.262 24834-24950/com.quickblox.sample.videochatwebrtcnew D/SMACK: a=extmap:3 http://www.webrtc.org/experiments/rtp-hdrext/abs-send-time
10-16 13:11:32.262 24834-24950/com.quickblox.sample.videochatwebrtcnew D/SMACK: a=extmap:4 urn:3gpp:video-orientation
10-16 13:11:32.262 24834-24950/com.quickblox.sample.videochatwebrtcnew D/SMACK: a=sendrecv
10-16 13:11:32.262 24834-24950/com.quickblox.sample.videochatwebrtcnew D/SMACK: a=rtcp-mux
10-16 13:11:32.262 24834-24950/com.quickblox.sample.videochatwebrtcnew D/SMACK: a=rtpmap:100 VP8/90000
10-16 13:11:32.262 24834-24950/com.quickblox.sample.videochatwebrtcnew D/SMACK: a=rtcp-fb:100 ccm fir
10-16 13:11:32.262 24834-24950/com.quickblox.sample.videochatwebrtcnew D/SMACK: a=rtcp-fb:100 nack
10-16 13:11:32.262 24834-24950/com.quickblox.sample.videochatwebrtcnew D/SMACK: a=rtcp-fb:100 nack pli
10-16 13:11:32.262 24834-24950/com.quickblox.sample.videochatwebrtcnew D/SMACK: a=rtcp-fb:100 goog-remb
10-16 13:11:32.262 24834-24950/com.quickblox.sample.videochatwebrtcnew D/SMACK: a=rtpmap:116 red/90000
10-16 13:11:32.262 24834-24950/com.quickblox.sample.videochatwebrtcnew D/SMACK: a=rtpmap:117 ulpfec/90000
10-16 13:11:32.262 24834-24950/com.quickblox.sample.videochatwebrtcnew D/SMACK: a=rtpmap:96 rtx/90000
10-16 13:11:32.262 24834-24950/com.quickblox.sample.videochatwebrtcnew D/SMACK: a=fmtp:96 apt=100
10-16 13:11:32.262 24834-24950/com.quickblox.sample.videochatwebrtcnew D/SMACK: a=ssrc-group:FID 383671585 2610857064
10-16 13:11:32.262 24834-24950/com.quickblox.sample.videochatwebrtcnew D/SMACK: a=ssrc:383671585 cname:pRe9VNc/KX4cHJca
10-16 13:11:32.262 24834-24950/com.quickblox.sample.videochatwebrtcnew D/SMACK: a=ssrc:383671585 msid:ARDAMS ARDAMSv0
10-16 13:11:32.262 24834-24950/com.quickblox.sample.videochatwebrtcnew D/SMACK: a=ssrc:383671585 mslabel:ARDAMS
10-16 13:11:32.262 24834-24950/com.quickblox.sample.videochatwebrtcnew D/SMACK: a=ssrc:383671585 label:ARDAMSv0
10-16 13:11:32.262 24834-24950/com.quickblox.sample.videochatwebrtcnew D/SMACK: a=ssrc:2610857064 cname:pRe9VNc/KX4cHJca
10-16 13:11:32.262 24834-24950/com.quickblox.sample.videochatwebrtcnew D/SMACK: a=ssrc:2610857064 msid:ARDAMS ARDAMSv0
10-16 13:11:32.262 24834-24950/com.quickblox.sample.videochatwebrtcnew D/SMACK: a=ssrc:2610857064 mslabel:ARDAMS
10-16 13:11:32.262 24834-24950/com.quickblox.sample.videochatwebrtcnew D/SMACK: a=ssrc:2610857064 label:ARDAMSv0
10-16 13:11:32.262 24834-24950/com.quickblox.sample.videochatwebrtcnew D/SMACK: </sdp><callType>1</callType><opponentsIDs><opponentID>5739691</opponentID></opponentsIDs></extraParams></message>
10-16 13:11:32.277 24834-29441/com.quickblox.sample.videochatwebrtcnew D/RTCClient.QBPeerChannel.PCObserver:: onIceCandidate: 1 video
10-16 13:11:32.277 24834-29441/com.quickblox.sample.videochatwebrtcnew D/LooperExecutor: Request Looper execute.
10-16 13:11:32.277 24834-29441/com.quickblox.sample.videochatwebrtcnew D/LooperExecutor: POST.Run on thread:1545
10-16 13:11:32.285 24834-29441/com.quickblox.sample.videochatwebrtcnew D/RTCClient.QBPeerChannel.PCObserver:: onIceCandidate: 0 audio
10-16 13:11:32.285 24834-29441/com.quickblox.sample.videochatwebrtcnew D/LooperExecutor: Request Looper execute.
10-16 13:11:32.285 24834-29441/com.quickblox.sample.videochatwebrtcnew D/LooperExecutor: POST.Run on thread:1545
10-16 13:11:32.285 24834-29441/com.quickblox.sample.videochatwebrtcnew D/RTCClient.QBPeerChannel.PCObserver:: onIceCandidate: 1 video
10-16 13:11:32.285 24834-29441/com.quickblox.sample.videochatwebrtcnew D/LooperExecutor: Request Looper execute.
10-16 13:11:32.285 24834-29441/com.quickblox.sample.videochatwebrtcnew D/LooperExecutor: POST.Run on thread:1545
10-16 13:11:32.293 24834-29441/com.quickblox.sample.videochatwebrtcnew D/RTCClient.QBPeerChannel.PCObserver:: onIceCandidate: 0 audio
10-16 13:11:32.293 24834-29441/com.quickblox.sample.videochatwebrtcnew D/LooperExecutor: Request Looper execute.
10-16 13:11:32.293 24834-29441/com.quickblox.sample.videochatwebrtcnew D/LooperExecutor: POST.Run on thread:1545
10-16 13:11:32.426 24834-29441/com.quickblox.sample.videochatwebrtcnew D/RTCClient.QBPeerChannel.PCObserver:: onIceCandidate: 0 audio
10-16 13:11:32.426 24834-29441/com.quickblox.sample.videochatwebrtcnew D/LooperExecutor: Request Looper execute.
10-16 13:11:32.426 24834-29441/com.quickblox.sample.videochatwebrtcnew D/LooperExecutor: POST.Run on thread:1545
10-16 13:11:32.449 24834-29441/com.quickblox.sample.videochatwebrtcnew D/RTCClient.QBPeerChannel.PCObserver:: onIceCandidate: 1 video
10-16 13:11:32.449 24834-29441/com.quickblox.sample.videochatwebrtcnew D/LooperExecutor: Request Looper execute.
10-16 13:11:32.449 24834-29441/com.quickblox.sample.videochatwebrtcnew D/LooperExecutor: POST.Run on thread:1545
10-16 13:11:32.457 24834-29441/com.quickblox.sample.videochatwebrtcnew D/RTCClient.QBPeerChannel.PCObserver:: onIceCandidate: 0 audio
10-16 13:11:32.457 24834-29441/com.quickblox.sample.videochatwebrtcnew D/LooperExecutor: Request Looper execute.
10-16 13:11:32.457 24834-29441/com.quickblox.sample.videochatwebrtcnew D/LooperExecutor: POST.Run on thread:1545
10-16 13:11:32.457 24834-29441/com.quickblox.sample.videochatwebrtcnew D/RTCClient.QBPeerChannel.PCObserver:: onIceCandidate: 1 video
10-16 13:11:32.457 24834-29441/com.quickblox.sample.videochatwebrtcnew D/LooperExecutor: Request Looper execute.
10-16 13:11:32.457 24834-29441/com.quickblox.sample.videochatwebrtcnew D/LooperExecutor: POST.Run on thread:1545
10-16 13:11:32.590 24834-29441/com.quickblox.sample.videochatwebrtcnew D/RTCClient.QBPeerChannel.PCObserver:: onIceCandidate: 0 audio
10-16 13:11:32.590 24834-29441/com.quickblox.sample.videochatwebrtcnew D/LooperExecutor: Request Looper execute.
10-16 13:11:32.590 24834-29441/com.quickblox.sample.videochatwebrtcnew D/LooperExecutor: POST.Run on thread:1545
10-16 13:11:32.590 24834-29441/com.quickblox.sample.videochatwebrtcnew D/RTCClient.QBPeerChannel.PCObserver:: onIceCandidate: 0 audio
10-16 13:11:32.590 24834-29441/com.quickblox.sample.videochatwebrtcnew D/LooperExecutor: Request Looper execute.
10-16 13:11:32.590 24834-29441/com.quickblox.sample.videochatwebrtcnew D/LooperExecutor: POST.Run on thread:1545
10-16 13:11:32.605 24834-29441/com.quickblox.sample.videochatwebrtcnew D/RTCClient.QBPeerChannel.PCObserver:: onIceCandidate: 1 video
10-16 13:11:32.605 24834-29441/com.quickblox.sample.videochatwebrtcnew D/LooperExecutor: Request Looper execute.
10-16 13:11:32.605 24834-29441/com.quickblox.sample.videochatwebrtcnew D/LooperExecutor: POST.Run on thread:1545
10-16 13:11:32.613 24834-29441/com.quickblox.sample.videochatwebrtcnew D/RTCClient.QBPeerChannel.PCObserver:: onIceCandidate: 1 video
10-16 13:11:32.613 24834-29441/com.quickblox.sample.videochatwebrtcnew D/LooperExecutor: Request Looper execute.
10-16 13:11:32.613 24834-29441/com.quickblox.sample.videochatwebrtcnew D/LooperExecutor: POST.Run on thread:1545
10-16 13:11:32.613 24834-29441/com.quickblox.sample.videochatwebrtcnew D/RTCClient.QBPeerChannel.PCObserver:: onIceGatheringChange to COMPLETE
10-16 13:11:32.730 128-29511/? D/: PPM: Standby to first shot: Sensor Change completed -  :477.173 ms :  1444990292735 ms
10-16 13:11:32.887 24834-29440/com.quickblox.sample.videochatwebrtcnew I/dalvikvm-heap: Clamp target GC heap from 98.366MB to 96.000MB
10-16 13:11:32.894 24834-29440/com.quickblox.sample.videochatwebrtcnew D/dalvikvm: GC_FOR_ALLOC freed 261K, 4% free 92500K/95516K, paused 62ms, total 62ms
10-16 13:11:32.918 24834-29466/com.quickblox.sample.videochatwebrtcnew V/VideoCapturerAndroid: Camera is running out of capture buffers. Pending buffers: [ 87812007 87812111 87812132]
10-16 13:11:32.926 24834-29466/com.quickblox.sample.videochatwebrtcnew V/VideoCapturerAndroid: Frame returned when camera is running out of capture buffers for TS 87812007
10-16 13:11:32.949 24834-29446/com.quickblox.sample.videochatwebrtcnew D/QBASDK: QBGLVideoView
10-16 13:11:32.957 24834-29466/com.quickblox.sample.videochatwebrtcnew V/VideoCapturerAndroid: Camera is running out of capture buffers. Pending buffers: [ 87812172 87812111 87812132]
10-16 13:11:33.004 24834-29466/com.quickblox.sample.videochatwebrtcnew V/VideoCapturerAndroid: Frame returned when camera is running out of capture buffers for TS 87812111
10-16 13:11:33.058 24834-29466/com.quickblox.sample.videochatwebrtcnew V/VideoCapturerAndroid: Camera is running out of capture buffers. Pending buffers: [ 87812172 87812273 87812132]
10-16 13:11:33.074 24834-29466/com.quickblox.sample.videochatwebrtcnew V/VideoCapturerAndroid: Frame returned when camera is running out of capture buffers for TS 87812132
10-16 13:11:33.191 24834-29466/com.quickblox.sample.videochatwebrtcnew V/VideoCapturerAndroid: Camera is running out of capture buffers. Pending buffers: [ 87812367 87812403 87812347]
10-16 13:11:33.207 24834-29466/com.quickblox.sample.videochatwebrtcnew V/VideoCapturerAndroid: Frame returned when camera is running out of capture buffers for TS 87812347
10-16 13:11:33.387 24834-29466/com.quickblox.sample.videochatwebrtcnew V/VideoCapturerAndroid: Camera is running out of capture buffers. Pending buffers: [ 87812598 87812550 87812557]
10-16 13:11:33.402 24834-29466/com.quickblox.sample.videochatwebrtcnew V/VideoCapturerAndroid: Frame returned when camera is running out of capture buffers for TS 87812550
10-16 13:11:33.527 24834-29466/com.quickblox.sample.videochatwebrtcnew V/VideoCapturerAndroid: Camera is running out of capture buffers. Pending buffers: [ 87812738 87812662 87812684]
10-16 13:11:33.527 24834-29466/com.quickblox.sample.videochatwebrtcnew V/VideoCapturerAndroid: Frame returned when camera is running out of capture buffers for TS 87812662
10-16 13:11:33.652 24834-29466/com.quickblox.sample.videochatwebrtcnew V/VideoCapturerAndroid: Camera is running out of capture buffers. Pending buffers: [ 87812863 87812810 87812835]
10-16 13:11:33.676 24834-29466/com.quickblox.sample.videochatwebrtcnew V/VideoCapturerAndroid: Frame returned when camera is running out of capture buffers for TS 87812810
10-16 13:11:33.887 24834-29466/com.quickblox.sample.videochatwebrtcnew V/VideoCapturerAndroid: Camera is running out of capture buffers. Pending buffers: [ 87813026 87813072 87813096]
10-16 13:11:33.918 24834-29466/com.quickblox.sample.videochatwebrtcnew V/VideoCapturerAndroid: Frame returned when camera is running out of capture buffers for TS 87813026
10-16 13:11:33.941 24834-29446/com.quickblox.sample.videochatwebrtcnew D/QBASDK: QBGLVideoView
10-16 13:11:34.222 24834-29466/com.quickblox.sample.videochatwebrtcnew V/VideoCapturerAndroid: Camera is running out of capture buffers. Pending buffers: [ 87813436 87813359 87813409]
10-16 13:11:34.246 24834-29466/com.quickblox.sample.videochatwebrtcnew V/VideoCapturerAndroid: Frame returned when camera is running out of capture buffers for TS 87813359
10-16 13:11:34.496 24834-29466/com.quickblox.sample.videochatwebrtcnew V/VideoCapturerAndroid: Camera is running out of capture buffers. Pending buffers: [ 87813704 87813653 87813676]
10-16 13:11:34.574 24834-29466/com.quickblox.sample.videochatwebrtcnew V/VideoCapturerAndroid: Frame returned when camera is running out of capture buffers for TS 87813653
10-16 13:11:34.777 24834-29466/com.quickblox.sample.videochatwebrtcnew V/VideoCapturerAndroid: Camera is running out of capture buffers. Pending buffers: [ 87813925 87813963 87813990]
10-16 13:11:34.793 24834-29466/com.quickblox.sample.videochatwebrtcnew V/VideoCapturerAndroid: Frame returned when camera is running out of capture buffers for TS 87813925
10-16 13:11:34.972 24834-29446/com.quickblox.sample.videochatwebrtcnew D/QBASDK: QBGLVideoView
10-16 13:11:34.996 24834-29466/com.quickblox.sample.videochatwebrtcnew V/VideoCapturerAndroid: Camera is running out of capture buffers. Pending buffers: [ 87814151 87814199 87814133]
10-16 13:11:35.012 24834-29477/com.quickblox.sample.videochatwebrtcnew D/RTCClient.QBPeerChannel: dialing for opponent 5739691
10-16 13:11:35.012 24834-29477/com.quickblox.sample.videochatwebrtcnew D/RTCClient.QBRTCSession: onSessionDescriptionSend for channel opponent 5739691
10-16 13:11:35.012 24834-29477/com.quickblox.sample.videochatwebrtcnew D/LooperExecutor: Request Looper execute.
10-16 13:11:35.012 24834-29477/com.quickblox.sample.videochatwebrtcnew D/LooperExecutor: POST.Run on thread:1402
10-16 13:11:35.012 24834-24973/com.quickblox.sample.videochatwebrtcnew D/RTCClient.QBSignalChannel: start assemble CallRequestMessage
10-16 13:11:35.012 24834-24973/com.quickblox.sample.videochatwebrtcnew D/RTCClient.QBSignalChannel: assembled message [session: 5fa7258e-0d61-426c-a921-51a6a9f6e9c1]
10-16 13:11:35.019 24834-24973/com.quickblox.sample.videochatwebrtcnew D/RTCClient.QBRTCSession: call message is sending to opponent5739691
10-16 13:11:35.019 24834-29466/com.quickblox.sample.videochatwebrtcnew V/VideoCapturerAndroid: Frame returned when camera is running out of capture buffers for TS 87814133
10-16 13:11:35.074 24834-29466/com.quickblox.sample.videochatwebrtcnew V/VideoCapturerAndroid: Camera is running out of capture buffers. Pending buffers: [ 87814151 87814199 87814285]
10-16 13:11:35.082 24834-29466/com.quickblox.sample.videochatwebrtcnew V/VideoCapturerAndroid: Frame returned when camera is running out of capture buffers for TS 87814151
10-16 13:11:35.215 24834-29466/com.quickblox.sample.videochatwebrtcnew V/VideoCapturerAndroid: Camera is running out of capture buffers. Pending buffers: [ 87814422 87814351 87814402]
10-16 13:11:35.262 24834-29466/com.quickblox.sample.videochatwebrtcnew V/VideoCapturerAndroid: Frame returned when camera is running out of capture buffers for TS 87814351
10-16 13:11:35.324 24834-29466/com.quickblox.sample.videochatwebrtcnew V/VideoCapturerAndroid: Camera is running out of capture buffers. Pending buffers: [ 87814422 87814534 87814402]
10-16 13:11:35.324 24834-29466/com.quickblox.sample.videochatwebrtcnew V/VideoCapturerAndroid: Frame returned when camera is running out of capture buffers for TS 87814402
10-16 13:11:35.480 24834-29466/com.quickblox.sample.videochatwebrtcnew V/VideoCapturerAndroid: Camera is running out of capture buffers. Pending buffers: [ 87814623 87814667 87814689]
10-16 13:11:35.558 24834-29466/com.quickblox.sample.videochatwebrtcnew V/VideoCapturerAndroid: Frame returned when camera is running out of capture buffers for TS 87814623
10-16 13:11:35.738 24834-29466/com.quickblox.sample.videochatwebrtcnew V/VideoCapturerAndroid: Camera is running out of capture buffers. Pending buffers: [ 87814947 87814863 87814890]
10-16 13:11:35.769 24834-29466/com.quickblox.sample.videochatwebrtcnew V/VideoCapturerAndroid: Frame returned when camera is running out of capture buffers for TS 87814863
10-16 13:11:35.777 24834-24950/com.quickblox.sample.videochatwebrtcnew D/SMACK: SENT (0): <message id='1444990295023' to='5739691-92@chat.quickblox.com' type='headline'><extraParams xmlns='jabber:client'><platform>android</platform><sessionID>5fa7258e-0d61-426c-a921-51a6a9f6e9c1</sessionID><callerID>5739698</callerID><signalType>call</signalType><moduleIdentifier>WebRTCVideoChat</moduleIdentifier><version_sdk>2.2.6</version_sdk><sdp>v=0
10-16 13:11:35.777 24834-24950/com.quickblox.sample.videochatwebrtcnew D/SMACK: o=- 6910593134890182344 2 IN IP4 127.0.0.1
10-16 13:11:35.777 24834-24950/com.quickblox.sample.videochatwebrtcnew D/SMACK: s=-
10-16 13:11:35.777 24834-24950/com.quickblox.sample.videochatwebrtcnew D/SMACK: t=0 0
10-16 13:11:35.777 24834-24950/com.quickblox.sample.videochatwebrtcnew D/SMACK: a=group:BUNDLE audio video
10-16 13:11:35.777 24834-24950/com.quickblox.sample.videochatwebrtcnew D/SMACK: a=msid-semantic: WMS ARDAMS
10-16 13:11:35.777 24834-24950/com.quickblox.sample.videochatwebrtcnew D/SMACK: m=audio 56540 RTP/SAVPF 103 111 9 102 0 8 106 105 13 127 126
10-16 13:11:35.777 24834-24950/com.quickblox.sample.videochatwebrtcnew D/SMACK: c=IN IP4 52.20.147.93
10-16 13:11:35.777 24834-24950/com.quickblox.sample.videochatwebrtcnew D/SMACK: a=rtcp:54335 IN IP4 52.1.106.254
10-16 13:11:35.777 24834-24950/com.quickblox.sample.videochatwebrtcnew D/SMACK: a=candidate:3120456615 1 udp 2122260223 192.168.1.78 36993 typ host generation 0
10-16 13:11:35.777 24834-24950/com.quickblox.sample.videochatwebrtcnew D/SMACK: a=candidate:3120456615 2 udp 2122260222 192.168.1.78 50374 typ host generation 0
10-16 13:11:35.777 24834-24950/com.quickblox.sample.videochatwebrtcnew D/SMACK: a=candidate:4152205143 1 tcp 1518280447 192.168.1.78 51953 typ host tcptype passive generation 0
10-16 13:11:35.777 24834-24950/com.quickblox.sample.videochatwebrtcnew D/SMACK: a=candidate:4152205143 2 tcp 1518280446 192.168.1.78 59692 typ host tcptype passive generation 0
10-16 13:11:35.777 24834-24950/com.quickblox.sample.videochatwebrtcnew D/SMACK: a=candidate:1341004403 2 udp 1686052606 194.6.233.178 50374 typ srflx raddr 192.168.1.78 rport 50374 generation 0
10-16 13:11:35.777 24834-24950/com.quickblox.sample.videochatwebrtcnew D/SMACK: a=candidate:1341004403 1 udp 1686052607 194.6.233.178 36993 typ srflx raddr 192.168.1.78 rport 36993 generation 0
10-16 13:11:35.777 24834-24950/com.quickblox.sample.videochatwebrtcnew D/SMACK: a=candidate:3697380798 2 udp 41885694 52.1.106.254 54335 typ relay raddr 194.6.233.178 rport 50374 generation 0
10-16 13:11:35.777 24834-24950/com.quickblox.sample.videochatwebrtcnew D/SMACK: a=candidate:183613341 1 udp 41885695 52.20.147.93 56540 typ relay raddr 194.6.233.178 rport 36993 generation 0
10-16 13:11:35.777 24834-24950/com.quickblox.sample.videochatwebrtcnew D/SMACK: a=candidate:3697380798 1 udp 25108223 52.1.106.254 47856 typ relay raddr 194.6.233.178 rport 47400 generation 0
10-16 13:11:35.777 24834-24950/com.quickblox.sample.videochatwebrtcnew D/SMACK: a=candidate:183613341 2 udp 25108222 52.20.147.93 58607 typ relay raddr 194.6.233.178 rport 43851 generation 0
10-16 13:11:35.777 24834-24950/com.quickblox.sample.videochatwebrtcnew D/SMACK: a=ice-ufrag:musmZZukIplywOfN
10-16 13:11:35.777 24834-24950/com.quickblox.sample.videochatwebrtcnew D/SMACK: a=ice-pwd:AmAZruzlF/GWgl9sji6Y1HZ2
10-16 13:11:35.777 24834-24950/com.quickblox.sample.videochatwebrtcnew D/SMACK: a=fingerprint:sha-256 A0:B8:86:79:97:0E:38:AF:4A:EF:A0:5A:9D:DE:AB:6A:99:36:BF:E2:17:F1:80:DA:BC:95:6C:FB:96:28:5F:20
10-16 13:11:35.777 24834-24950/com.quickblox.sample.videochatwebrtcnew D/SMACK: a=setup:actpass
10-16 13:11:35.777 24834-24950/com.quickblox.sample.videochatwebrtcnew D/SMACK: a=mid:audio
10-16 13:11:35.777 24834-24950/com.quickblox.sample.videochatwebrtcnew D/SMACK: a=extmap:1 urn:ietf:params:rtp-hdrext:ssrc-audio-level
10-16 13:11:35.777 24834-24950/com.quickblox.sample.videochatwebrtcnew D/SMACK: a=extmap:3 http://www.webrtc.org/experiments/rtp-hdrext/abs-send-time
10-16 13:11:35.777 24834-24950/com.quickblox.sample.videochatwebrtcnew D/SMACK: a=sendrecv
10-16 13:11:35.777 24834-24950/com.quickblox.sample.videochatwebrtcnew D/SMACK: a=rtcp-mux
10-16 13:11:35.777 24834-24950/com.quickblox.sample.videochatwebrtcnew D/SMACK: a=rtpmap:103 ISAC/16000
10-16 13:11:35.777 24834-24950/com.quickblox.sample.videochatwebrtcnew D/SMACK: a=rtpmap:111 opus/48000/2
10-16 13:11:35.777 24834-24950/com.quickblox.sample.videochatwebrtcnew D/SMACK: a=fmtp:111 minptime=10; useinbandfec=1
10-16 13:11:35.777 24834-24950/com.quickblox.sample.videochatwebrtcnew D/SMACK: a=rtpmap:9 G722/8000
10-16 13:11:35.777 24834-24950/com.quickblox.sample.videochatwebrtcnew D/SMACK: a=rtpmap:102 ILBC/8000
10-16 13:11:35.777 24834-24950/com.quickblox.sample.videochatwebrtcnew D/SMACK: a=rtpmap:0 PCMU/8000
10-16 13:11:35.777 24834-24950/com.quickblox.sample.videochatwebrtcnew D/SMACK: a=rtpmap:8 PCMA/8000
10-16 13:11:35.777 24834-24950/com.quickblox.sample.videochatwebrtcnew D/SMACK: a=rtpmap:106 CN/32000
10-16 13:11:35.777 24834-24950/com.quickblox.sample.videochatwebrtcnew D/SMACK: a=rtpmap:105 CN/16000
10-16 13:11:35.777 24834-24950/com.quickblox.sample.videochatwebrtcnew D/SMACK: a=rtpmap:13 CN/8000
10-16 13:11:35.777 24834-24950/com.quickblox.sample.videochatwebrtcnew D/SMACK: a=rtpmap:127 red/8000
10-16 13:11:35.777 24834-24950/com.quickblox.sample.videochatwebrtcnew D/SMACK: a=rtpmap:126 telephone-event/8000
10-16 13:11:35.777 24834-24950/com.quickblox.sample.videochatwebrtcnew D/SMACK: a=maxptime:60
10-16 13:11:35.777 24834-24950/com.quickblox.sample.videochatwebrtcnew D/SMACK: a=ssrc:3561937191 cname:pRe9VNc/KX4cHJca
10-16 13:11:35.777 24834-24950/com.quickblox.sample.videochatwebrtcnew D/SMACK: a=ssrc:3561937191 msid:ARDAMS ARDAMSa0
10-16 13:11:35.777 24834-24950/com.quickblox.sample.videochatwebrtcnew D/SMACK: a=ssrc:3561937191 mslabel:ARDAMS
10-16 13:11:35.777 24834-24950/com.quickblox.sample.videochatwebrtcnew D/SMACK: a=ssrc:3561937191 label:ARDAMSa0
10-16 13:11:35.777 24834-24950/com.quickblox.sample.videochatwebrtcnew D/SMACK: m=video 55851 RTP/SAVPF 100 116 117 96
10-16 13:11:35.777 24834-24950/com.quickblox.sample.videochatwebrtcnew D/SMACK: c=IN IP4 52.20.147.93
10-16 13:11:35.777 24834-24950/com.quickblox.sample.videochatwebrtcnew D/SMACK: a=rtcp:62126 IN IP4 52.1.106.254
10-16 13:11:35.777 24834-24950/com.quickblox.sample.videochatwebrtcnew D/SMACK: a=candidate:3120456615 1 udp 2122260223 192.168.1.78 54085 typ host generation 0
10-16 13:11:35.777 24834-24950/com.quickblox.sample.videochatwebrtcnew D/SMACK: a=candidate:3120456615 2 udp 2122260222 192.168.1.78 37877 typ host generation 0
10-16 13:11:35.777 24834-24950/com.quickblox.sample.videochatwebrtcnew D/SMACK: a=candidate:4152205143 1 tcp 1518280447 192.168.1.78 41586 typ host tcptype passive generation 0
10-16 13:11:35.777 24834-24950/com.quickblox.sample.videochatwebrtcnew D/SMACK: a=candidate:4152205143 2 tcp 1518280446 192.168.1.78 36491 typ host tcptype passive generation 0
10-16 13:11:35.777 24834-24950/com.quickblox.sample.videochatwebrtcnew D/SMACK: a=candidate:1341004403 1 udp 1686052607 194.6.233.178 54085 typ srflx raddr 192.168.1.78 rport 54085 generation 0
10-16 13:11:35.777 24834-24950/com.quickblox.sample.videochatwebrtcnew D/SMACK: a=candidate:1341004403 2 udp 1686052606 194.6.233.178 37877 typ srflx raddr 192.168.1.78 rport 37877 generation 0
10-16 13:11:35.777 24834-24950/com.quickblox.sample.videochatwebrtcnew D/SMACK: a=candidate:183613341 1 udp 41885695 52.20.147.93 55851 typ relay raddr 194.6.233.178 rport 54085 generation 0
10-16 13:11:35.777 24834-24950/com.quickblox.sample.videochatwebrtcnew D/SMACK: a=candidate:3697380798 2 udp 41885694 52.1.106.254 62126 typ relay raddr 194.6.233.178 rport 37877 generation 0
10-16 13:11:35.777 24834-24950/com.quickblox.sample.videochatwebrtcnew D/SMACK: a=candidate:3697380798 1 udp 25108223 52.1.106.254 35179 typ relay raddr 194.6.233.178 rport 51512 generation 0
10-16 13:11:35.777 24834-24950/com.quickblox.sample.videochatwebrtcnew D/SMACK: a=candidate:183613341 2 udp 25108222 52.20.147.93 51664 typ relay raddr 194.6.233.178 rport 60205 generation 0
10-16 13:11:35.777 24834-24950/com.quickblox.sample.videochatwebrtcnew D/SMACK: a=ice-ufrag:musmZZukIplywOfN
10-16 13:11:35.777 24834-24950/com.quickblox.sample.videochatwebrtcnew D/SMACK: a=ice-pwd:AmAZruzlF/GWgl9sji6Y1HZ2
10-16 13:11:35.777 24834-24950/com.quickblox.sample.videochatwebrtcnew D/SMACK: a=fingerprint:sha-256 A0:B8:86:79:97:0E:38:AF:4A:EF:A0:5A:9D:DE:AB:6A:99:36:BF:E2:17:F1:80:DA:BC:95:6C:FB:96:28:5F:20
10-16 13:11:35.777 24834-24950/com.quickblox.sample.videochatwebrtcnew D/SMACK: a=setup:actpass
10-16 13:11:35.777 24834-24950/com.quickblox.sample.videochatwebrtcnew D/SMACK: a=mid:video
10-16 13:11:35.777 24834-24950/com.quickblox.sample.videochatwebrtcnew D/SMACK: a=extmap:2 urn:ietf:params:rtp-hdrext:toffset
10-16 13:11:35.777 24834-24950/com.quickblox.sample.videochatwebrtcnew D/SMACK: a=extmap:3 http://www.webrtc.org/experiments/rtp-hdrext/abs-send-time
10-16 13:11:35.777 24834-24950/com.quickblox.sample.videochatwebrtcnew D/SMACK: a=extmap:4 urn:3gpp:video-orientation
10-16 13:11:35.777 24834-24950/com.quickblox.sample.videochatwebrtcnew D/SMACK: a=sendrecv
10-16 13:11:35.777 24834-24950/com.quickblox.sample.videochatwebrtcnew D/SMACK: a=rtcp-mux
10-16 13:11:35.777 24834-24950/com.quickblox.sample.videochatwebrtcnew D/SMACK: a=rtpmap:100 VP8/90000
10-16 13:11:35.777 24834-24950/com.quickblox.sample.videochatwebrtcnew D/SMACK: a=rtcp-fb:100 ccm fir
10-16 13:11:35.777 24834-24950/com.quickblox.sample.videochatwebrtcnew D/SMACK: a=rtcp-fb:100 na
10-16 13:11:35.824 24834-29466/com.quickblox.sample.videochatwebrtcnew V/VideoCapturerAndroid: Camera is running out of capture buffers. Pending buffers: [ 87814947 87815033 87814890]
10-16 13:11:35.824 24834-29466/com.quickblox.sample.videochatwebrtcnew V/VideoCapturerAndroid: Frame returned when camera is running out of capture buffers for TS 87814890
10-16 13:11:35.996 24834-29446/com.quickblox.sample.videochatwebrtcnew D/QBASDK: QBGLVideoView
10-16 13:11:36.027 24834-29466/com.quickblox.sample.videochatwebrtcnew V/VideoCapturerAndroid: Camera is running out of capture buffers. Pending buffers: [ 87815237 87815163 87815208]
10-16 13:11:36.058 24834-29466/com.quickblox.sample.videochatwebrtcnew V/VideoCapturerAndroid: Frame returned when camera is running out of capture buffers for TS 87815163
10-16 13:11:36.387 24834-29466/com.quickblox.sample.videochatwebrtcnew V/VideoCapturerAndroid: Camera is running out of capture buffers. Pending buffers: [ 87815602 87815552 87815575]
10-16 13:11:36.457 24834-29466/com.quickblox.sample.videochatwebrtcnew V/VideoCapturerAndroid: Frame returned when camera is running out of capture buffers for TS 87815552
10-16 13:11:36.652 24834-29466/com.quickblox.sample.videochatwebrtcnew V/VideoCapturerAndroid: Camera is running out of capture buffers. Pending buffers: [ 87815798 87815822 87815864]
10-16 13:11:36.660 24834-29466/com.quickblox.sample.videochatwebrtcnew V/VideoCapturerAndroid: Frame returned when camera is running out of capture buffers for TS 87815798
10-16 13:11:36.840 24834-29466/com.quickblox.sample.videochatwebrtcnew V/VideoCapturerAndroid: Camera is running out of capture buffers. Pending buffers: [ 87816053 87815973 87816006]
10-16 13:11:36.863 24834-29466/com.quickblox.sample.videochatwebrtcnew V/VideoCapturerAndroid: Frame returned when camera is running out of capture buffers for TS 87815973
10-16 13:11:37.019 24834-29446/com.quickblox.sample.videochatwebrtcnew D/QBASDK: QBGLVideoView
10-16 13:11:37.144 24834-24951/com.quickblox.sample.videochatwebrtcnew D/SMACK: RCV (0): <message from="5739691-92@chat.quickblox.com/3525dd0c8bae9a41" id="1444990291295" to="5739698-92@chat.quickblox.com" type="headline" xmlns="jabber:client"><extraParams xmlns="jabber:client"><callType>1</callType><platform>android</platform><callerID>5739698</callerID><signalType>accept</signalType><moduleIdentifier>WebRTCVideoChat</moduleIdentifier><sessionID>5fa7258e-0d61-426c-a921-51a6a9f6e9c1</sessionID><sdp>v=0
10-16 13:11:37.144 24834-24951/com.quickblox.sample.videochatwebrtcnew D/SMACK: o=- 8374878939631764635 2 IN IP4 127.0.0.1
10-16 13:11:37.144 24834-24951/com.quickblox.sample.videochatwebrtcnew D/SMACK: s=-
10-16 13:11:37.144 24834-24951/com.quickblox.sample.videochatwebrtcnew D/SMACK: t=0 0
10-16 13:11:37.144 24834-24951/com.quickblox.sample.videochatwebrtcnew D/SMACK: a=group:BUNDLE audio video
10-16 13:11:37.144 24834-24951/com.quickblox.sample.videochatwebrtcnew D/SMACK: a=msid-semantic: WMS ARDAMS
10-16 13:11:37.144 24834-24951/com.quickblox.sample.videochatwebrtcnew D/SMACK: m=audio 9 RTP/SAVPF 103 111 9 102 0 8 106 105 13 127 126
10-16 13:11:37.144 24834-24951/com.quickblox.sample.videochatwebrtcnew D/SMACK: c=IN IP4 0.0.0.0
10-16 13:11:37.144 24834-24951/com.quickblox.sample.videochatwebrtcnew D/SMACK: a=rtcp:9 IN IP4 0.0.0.0
10-16 13:11:37.144 24834-24951/com.quickblox.sample.videochatwebrtcnew D/SMACK: a=ice-ufrag:GT4MGTs7+N/zFmnx
10-16 13:11:37.144 24834-24951/com.quickblox.sample.videochatwebrtcnew D/SMACK: a=ice-pwd:w5N6wzBz2YhOr+kakO0IyhzC
10-16 13:11:37.144 24834-24951/com.quickblox.sample.videochatwebrtcnew D/SMACK: a=fingerprint:sha-256 E0:DA:A6:4D:31:6C:0E:A5:E3:20:13:56:F9:2B:D1:F2:C6:11:43:75:CA:F1:3D:B0:D1:12:7F:CA:FC:02:E3:E0
10-16 13:11:37.144 24834-24951/com.quickblox.sample.videochatwebrtcnew D/SMACK: a=setup:active
10-16 13:11:37.144 24834-24951/com.quickblox.sample.videochatwebrtcnew D/SMACK: a=mid:audio
10-16 13:11:37.144 24834-24951/com.quickblox.sample.videochatwebrtcnew D/SMACK: a=extmap:1 urn:ietf:params:rtp-hdrext:ssrc-audio-level
10-16 13:11:37.144 24834-24951/com.quickblox.sample.videochatwebrtcnew D/SMACK: a=extmap:3 http://www.webrtc.org/experiments/rtp-hdrext/abs-send-time
10-16 13:11:37.144 24834-24951/com.quickblox.sample.videochatwebrtcnew D/SMACK: a=sendrecv
10-16 13:11:37.144 24834-24951/com.quickblox.sample.videochatwebrtcnew D/SMACK: a=rtcp-mux
10-16 13:11:37.144 24834-24951/com.quickblox.sample.videochatwebrtcnew D/SMACK: a=rtpmap:103 ISAC/16000
10-16 13:11:37.144 24834-24951/com.quickblox.sample.videochatwebrtcnew D/SMACK: a=rtpmap:111 opus/48000/2
10-16 13:11:37.144 24834-24951/com.quickblox.sample.videochatwebrtcnew D/SMACK: a=fmtp:111 minptime=10; useinbandfec=1
10-16 13:11:37.144 24834-24951/com.quickblox.sample.videochatwebrtcnew D/SMACK: a=rtpmap:9 G722/8000
10-16 13:11:37.144 24834-24951/com.quickblox.sample.videochatwebrtcnew D/SMACK: a=rtpmap:102 ILBC/8000
10-16 13:11:37.144 24834-24951/com.quickblox.sample.videochatwebrtcnew D/SMACK: a=rtpmap:0 PCMU/8000
10-16 13:11:37.144 24834-24951/com.quickblox.sample.videochatwebrtcnew D/SMACK: a=rtpmap:8 PCMA/8000
10-16 13:11:37.144 24834-24951/com.quickblox.sample.videochatwebrtcnew D/SMACK: a=rtpmap:106 CN/32000
10-16 13:11:37.144 24834-24951/com.quickblox.sample.videochatwebrtcnew D/SMACK: a=rtpmap:105 CN/16000
10-16 13:11:37.144 24834-24951/com.quickblox.sample.videochatwebrtcnew D/SMACK: a=rtpmap:13 CN/8000
10-16 13:11:37.144 24834-24951/com.quickblox.sample.videochatwebrtcnew D/SMACK: a=rtpmap:127 red/8000
10-16 13:11:37.144 24834-24951/com.quickblox.sample.videochatwebrtcnew D/SMACK: a=rtpmap:126 telephone-event/8000
10-16 13:11:37.144 24834-24951/com.quickblox.sample.videochatwebrtcnew D/SMACK: a=maxptime:60
10-16 13:11:37.144 24834-24951/com.quickblox.sample.videochatwebrtcnew D/SMACK: a=ssrc:333776525 cname:g1Vfx0uOFq2JAsj4
10-16 13:11:37.144 24834-24951/com.quickblox.sample.videochatwebrtcnew D/SMACK: a=ssrc:333776525 msid:ARDAMS ARDAMSa0
10-16 13:11:37.144 24834-24951/com.quickblox.sample.videochatwebrtcnew D/SMACK: a=ssrc:333776525 mslabel:ARDAMS
10-16 13:11:37.144 24834-24951/com.quickblox.sample.videochatwebrtcnew D/SMACK: a=ssrc:333776525 label:ARDAMSa0
10-16 13:11:37.144 24834-24951/com.quickblox.sample.videochatwebrtcnew D/SMACK: m=video 9 RTP/SAVPF 100 116 117 96
10-16 13:11:37.144 24834-24951/com.quickblox.sample.videochatwebrtcnew D/SMACK: c=IN IP4 0.0.0.0
10-16 13:11:37.144 24834-24951/com.quickblox.sample.videochatwebrtcnew D/SMACK: a=rtcp:9 IN IP4 0.0.0.0
10-16 13:11:37.144 24834-24951/com.quickblox.sample.videochatwebrtcnew D/SMACK: a=ice-ufrag:GT4MGTs7+N/zFmnx
10-16 13:11:37.144 24834-24951/com.quickblox.sample.videochatwebrtcnew D/SMACK: a=ice-pwd:w5N6wzBz2YhOr+kakO0IyhzC
10-16 13:11:37.144 24834-24951/com.quickblox.sample.videochatwebrtcnew D/SMACK: a=fingerprint:sha-256 E0:DA:A6:4D:31:6C:0E:A5:E3:20:13:56:F9:2B:D1:F2:C6:11:43:75:CA:F1:3D:B0:D1:12:7F:CA:FC:02:E3:E0
10-16 13:11:37.144 24834-24951/com.quickblox.sample.videochatwebrtcnew D/SMACK: a=setup:active
10-16 13:11:37.144 24834-24951/com.quickblox.sample.videochatwebrtcnew D/SMACK: a=mid:video
10-16 13:11:37.144 24834-24951/com.quickblox.sample.videochatwebrtcnew D/SMACK: a=extmap:2 urn:ietf:params:rtp-hdrext:toffset
10-16 13:11:37.144 24834-24951/com.quickblox.sample.videochatwebrtcnew D/SMACK: a=extmap:3 http://www.webrtc.org/experiments/rtp-hdrext/abs-send-time
10-16 13:11:37.144 24834-24951/com.quickblox.sample.videochatwebrtcnew D/SMACK: a=extmap:4 urn:3gpp:video-orientation
10-16 13:11:37.144 24834-24951/com.quickblox.sample.videochatwebrtcnew D/SMACK: a=sendrecv
10-16 13:11:37.144 24834-24951/com.quickblox.sample.videochatwebrtcnew D/SMACK: a=rtcp-mux
10-16 13:11:37.144 24834-24951/com.quickblox.sample.videochatwebrtcnew D/SMACK: a=rtpmap:100 VP8/90000
10-16 13:11:37.144 24834-24951/com.quickblox.sample.videochatwebrtcnew D/SMACK: a=rtcp-fb:100 ccm fir
10-16 13:11:37.144 24834-24951/com.quickblox.sample.videochatwebrtcnew D/SMACK: a=rtcp-fb:100 nack
10-16 13:11:37.144 24834-24951/com.quickblox.sample.videochatwebrtcnew D/SMACK: a=rtcp-fb:100 nack pli
10-16 13:11:37.144 24834-24951/com.quickblox.sample.videochatwebrtcnew D/SMACK: a=rtcp-fb:100 goog-remb
10-16 13:11:37.144 24834-24951/com.quickblox.sample.videochatwebrtcnew D/SMACK: a=rtpmap:116 red/90000
10-16 13:11:37.144 24834-24951/com.quickblox.sample.videochatwebrtcnew D/SMACK: a=rtpmap:117 ulpfec/90000
10-16 13:11:37.144 24834-24951/com.quickblox.sample.videochatwebrtcnew D/SMACK: a=rtpmap:96 rtx/90000
10-16 13:11:37.144 24834-24951/com.quickblox.sample.videochatwebrtcnew D/SMACK: a=fmtp:96 apt=100
10-16 13:11:37.144 24834-24951/com.quickblox.sample.videochatwebrtcnew D/SMACK: a=ssrc-group:FID 1254331305 3677919415
10-16 13:11:37.144 24834-24951/com.quickblox.sample.videochatwebrtcnew D/SMACK: a=ssrc:1254331305 cname:g1Vfx0uOFq2JAsj4
10-16 13:11:37.144 24834-24951/com.quickblox.sample.videochatwebrtcnew D/SMACK: a=ssrc:1254331305 msid:ARDAMS ARDAMSv0
10-16 13:11:37.144 24834-24951/com.quickblox.sample.videochatwebrtcnew D/SMACK: a=ssrc:1254331305 mslabel:ARDAMS
10-16 13:11:37.144 24834-24951/com.quickblox.sample.videochatwebrtcnew D/SMACK: a=ssrc:1254331305 label:ARDAMSv0
10-16 13:11:37.144 24834-24951/com.quickblox.sample.videochatwebrtcnew D/SMACK: a=ssrc:3677919415 cname:g1Vfx0uOFq2JAsj4
10-16 13:11:37.144 24834-24951/com.quickblox.sample.videochatwebrtcnew D/SMACK: a=ssrc:3677919415 msid:ARDAMS ARDAMSv0
10-16 13:11:37.144 24834-24951/com.quickblox.sample.videochatwebrtcnew D/SMACK: a=ssrc:3677919415 mslabel:ARDAMS
10-16 13:11:37.144 24834-24951/com.quickblox.sample.videochatwebrtcnew D/SMACK: a=ssrc:3677919415 label:ARDAMSv0
10-16 13:11:37.144 24834-24951/com.quickblox.sample.videochatwebrtcnew D/SMACK: </sdp><version_sdk>2.2.6</version_sdk><opponentsIDs><opponentID>5739691</opponentID></opponentsIDs></extraParams></message>
10-16 13:11:37.152 24834-24960/com.quickblox.sample.videochatwebrtcnew D/QBRTCSessionDescription: Was created QBRTCSessionDescription{sessionID='5fa7258e-0d61-426c-a921-51a6a9f6e9c1', callerID='5739698', opponents=[5739691], conferenceType=QBConferenceType{value='1'}, userInfo={}}
10-16 13:11:37.152 24834-24960/com.quickblox.sample.videochatwebrtcnew D/MsgProcessor: notify accept call
10-16 13:11:37.152 24834-24960/com.quickblox.sample.videochatwebrtcnew D/RTCClient.: onReceiveAcceptFromUser 5739691
10-16 13:11:37.152 24834-24960/com.quickblox.sample.videochatwebrtcnew D/LooperExecutor: Request Looper execute.
10-16 13:11:37.152 24834-24960/com.quickblox.sample.videochatwebrtcnew D/LooperExecutor: POST.Run on thread:1402
10-16 13:11:37.152 24834-24973/com.quickblox.sample.videochatwebrtcnew D/RTCClient.QBRTCSession: Process accept from 5739691
10-16 13:11:37.152 24834-24973/com.quickblox.sample.videochatwebrtcnew D/RTCClient.QBPeerChannel: setRemoteSDPToConnection
10-16 13:11:37.152 24834-24973/com.quickblox.sample.videochatwebrtcnew D/RTCClient.QBPeerChannel.PeerChannelLifeCycleTimers: Stop DialingTimer
10-16 13:11:37.152 24834-24973/com.quickblox.sample.videochatwebrtcnew D/RTCClient.RTCMediaUtils: generateRemoteDescription:  audioCodec=ISAC
10-16 13:11:37.152 24834-24973/com.quickblox.sample.videochatwebrtcnew W/RTCClient.RTCMediaUtils: No m=audio  line, so can't prefer ISAC
