10-16 13:11:47.801 24834-29466/com.quickblox.sample.videochatwebrtcnew V/VideoCapturerAndroid: Camera is running out of capture buffers. Pending buffers: [ 87826945 87827011 87826873]
10-16 13:11:47.824 24834-29466/com.quickblox.sample.videochatwebrtcnew V/VideoCapturerAndroid: Frame returned when camera is running out of capture buffers for TS 87826873
10-16 13:11:47.863 24834-29466/com.quickblox.sample.videochatwebrtcnew V/VideoCapturerAndroid: Camera is running out of capture buffers. Pending buffers: [ 87826945 87827011 87827075]
10-16 13:11:47.879 24834-29466/com.quickblox.sample.videochatwebrtcnew V/VideoCapturerAndroid: Frame returned when camera is running out of capture buffers for TS 87826945
10-16 13:11:48.058 24834-29466/com.quickblox.sample.videochatwebrtcnew V/VideoCapturerAndroid: Camera is running out of capture buffers. Pending buffers: [ 87827274 87827218 87827241]
10-16 13:11:48.144 24834-29466/com.quickblox.sample.videochatwebrtcnew V/VideoCapturerAndroid: Frame returned when camera is running out of capture buffers for TS 87827218
10-16 13:11:48.371 24834-29466/com.quickblox.sample.videochatwebrtcnew V/VideoCapturerAndroid: Camera is running out of capture buffers. Pending buffers: [ 87827583 87827529 87827549]
10-16 13:11:48.402 24834-29466/com.quickblox.sample.videochatwebrtcnew V/VideoCapturerAndroid: Frame returned when camera is running out of capture buffers for TS 87827529
10-16 13:11:48.433 24834-29446/com.quickblox.sample.videochatwebrtcnew D/QBASDK: QBGLVideoView
10-16 13:11:48.465 24834-29466/com.quickblox.sample.videochatwebrtcnew V/VideoCapturerAndroid: Camera is running out of capture buffers. Pending buffers: [ 87827583 87827675 87827549]
10-16 13:11:48.472 24834-29466/com.quickblox.sample.videochatwebrtcnew V/VideoCapturerAndroid: Frame returned when camera is running out of capture buffers for TS 87827549
10-16 13:11:48.597 24834-29466/com.quickblox.sample.videochatwebrtcnew V/VideoCapturerAndroid: Camera is running out of capture buffers. Pending buffers: [ 87827792 87827810 87827748]
10-16 13:11:48.668 24834-29466/com.quickblox.sample.videochatwebrtcnew V/VideoCapturerAndroid: Frame returned when camera is running out of capture buffers for TS 87827748
10-16 13:11:48.801 24834-29466/com.quickblox.sample.videochatwebrtcnew V/VideoCapturerAndroid: Camera is running out of capture buffers. Pending buffers: [ 87827973 87828016 87827937]
10-16 13:11:48.816 24834-29466/com.quickblox.sample.videochatwebrtcnew V/VideoCapturerAndroid: Frame returned when camera is running out of capture buffers for TS 87827937
10-16 13:11:48.832 24834-29466/com.quickblox.sample.videochatwebrtcnew V/VideoCapturerAndroid: Camera is running out of capture buffers. Pending buffers: [ 87827973 87828016 87828043]
10-16 13:11:48.855 24834-29466/com.quickblox.sample.videochatwebrtcnew V/VideoCapturerAndroid: Frame returned when camera is running out of capture buffers for TS 87827973
10-16 13:11:48.887 24834-29466/com.quickblox.sample.videochatwebrtcnew V/VideoCapturerAndroid: Camera is running out of capture buffers. Pending buffers: [ 87828101 87828016 87828043]
10-16 13:11:48.926 24834-29466/com.quickblox.sample.videochatwebrtcnew V/VideoCapturerAndroid: Frame returned when camera is running out of capture buffers for TS 87828016
10-16 13:11:49.129 24834-29466/com.quickblox.sample.videochatwebrtcnew V/VideoCapturerAndroid: Camera is running out of capture buffers. Pending buffers: [ 87828298 87828324 87828344]
10-16 13:11:49.183 24834-29466/com.quickblox.sample.videochatwebrtcnew V/VideoCapturerAndroid: Frame returned when camera is running out of capture buffers for TS 87828298
10-16 13:11:49.293 24834-29466/com.quickblox.sample.videochatwebrtcnew V/VideoCapturerAndroid: Camera is running out of capture buffers. Pending buffers: [ 87828428 87828474 87828506]
10-16 13:11:49.316 24834-29466/com.quickblox.sample.videochatwebrtcnew V/VideoCapturerAndroid: Frame returned when camera is running out of capture buffers for TS 87828428
10-16 13:11:49.457 24834-29446/com.quickblox.sample.videochatwebrtcnew D/QBASDK: QBGLVideoView
10-16 13:11:49.465 24834-29466/com.quickblox.sample.videochatwebrtcnew V/VideoCapturerAndroid: Camera is running out of capture buffers. Pending buffers: [ 87828580 87828634 87828674]
10-16 13:11:49.496 24834-29466/com.quickblox.sample.videochatwebrtcnew V/VideoCapturerAndroid: Frame returned when camera is running out of capture buffers for TS 87828580
10-16 13:11:49.512 24834-24950/com.quickblox.sample.videochatwebrtcnew D/SMACK: SENT (0): <message id='1444990297725' to='5739691-92@chat.quickblox.com' type='headline'><extraParams xmlns='jabber:client'><platform>android</platform><sessionID>5fa7258e-0d61-426c-a921-51a6a9f6e9c1</sessionID><callerID>5739698</callerID><signalType>iceCandidates</signalType><moduleIdentifier>WebRTCVideoChat</moduleIdentifier><version_sdk>2.2.6</version_sdk><callType>1</callType><iceCandidates><iceCandidate><sdpMLineIndex>0</sdpMLineIndex><sdpMid>audio</sdpMid><candidate>candidate:3120456615 1 udp 2122260223 192.168.1.78 36993 typ host generation 0</candidate></iceCandidate><iceCandidate><sdpMLineIndex>0</sdpMLineIndex><sdpMid>audio</sdpMid><candidate>candidate:3120456615 2 udp 2122260222 192.168.1.78 50374 typ host generation 0</candidate></iceCandidate><iceCandidate><sdpMLineIndex>1</sdpMLineIndex><sdpMid>video</sdpMid><candidate>candidate:3120456615 1 udp 2122260223 192.168.1.78 54085 typ host generation 0</candidate></iceCandidate><iceCandidate><sdpMLineIndex>1</sdpMLineIndex><sdpMid>video</sdpMid><candidate>candidate:3120456615 2 udp 2122260222 192.168.1.78 37877 typ host generation 0</candidate></iceCandidate><iceCandidate><sdpMLineIndex>0</sdpMLineIndex><sdpMid>audio</sdpMid><candidate>candidate:4152205143 1 tcp 1518280447 192.168.1.78 51953 typ host tcptype passive generation 0</candidate></iceCandidate><iceCandidate><sdpMLineIndex>0</sdpMLineIndex><sdpMid>audio</sdpMid><candidate>candidate:4152205143 2 tcp 1518280446 192.168.1.78 59692 typ host tcptype passive generation 0</candidate></iceCandidate><iceCandidate><sdpMLineIndex>1</sdpMLineIndex><sdpMid>video</sdpMid><candidate>candidate:4152205143 1 tcp 1518280447 192.168.1.78 41586 typ host tcptype passive generation 0</candidate></iceCandidate><iceCandidate><sdpMLineIndex>1</sdpMLineIndex><sdpMid>video</sdpMid><candidate>candidate:4152205143 2 tcp 1518280446 192.168.1.78 36491 typ host tcptype passive generation 0</candidate></iceCandidate><iceCandidate><sdpMLineIndex>1</sdpMLineIndex><sdpMid>video</sdpMid><candidate>candidate:1341004403 1 udp 1686052607 194.6.233.178 54085 typ srflx raddr 192.168.1.78 rport 54085 generation 0</candidate></iceCandidate><iceCandidate><sdpMLineIndex>0</sdpMLineIndex><sdpMid>audio</sdpMid><candidate>candidate:1341004403 2 udp 1686052606 194.6.233.178 50374 typ srflx raddr 192.168.1.78 rport 50374 generation 0</candidate></iceCandidate><iceCandidate><sdpMLineIndex>1</sdpMLineIndex><sdpMid>video</sdpMid><candidate>candidate:1341004403 2 udp 1686052606 194.6.233.178 37877 typ srflx raddr 192.168.1.78 rport 37877 generation 0</candidate></iceCandidate><iceCandidate><sdpMLineIndex>0</sdpMLineIndex><sdpMid>audio</sdpMid><candidate>candidate:1341004403 1 udp 1686052607 194.6.233.178 36993 typ srflx raddr 192.168.1.78 rport 36993 generation 0</candidate></iceCandidate><iceCandidate><sdpMLineIndex>0</sdpMLineIndex><sdpMid>audio</sdpMid><candidate>candidate:3697380798 2 udp 41885694 52.1.106.254 54335 typ relay raddr 194.6.233.178 rport 50374 generation 0</candidate></iceCandidate><iceCandidate><sdpMLineIndex>1</sdpMLineIndex><sdpMid>video</sdpMid><candidate>candidate:183613341 1 udp 41885695 52.20.147.93 55851 typ relay raddr 194.6.233.178 rport 54085 generation 0</candidate></iceCandidate><iceCandidate><sdpMLineIndex>0</sdpMLineIndex><sdpMid>audio</sdpMid><candidate>candidate:183613341 1 udp 41885695 52.20.147.93 56540 typ relay raddr 194.6.233.178 rport 36993 generation 0</candidate></iceCandidate><iceCandidate><sdpMLineIndex>1</sdpMLineIndex><sdpMid>video</sdpMid><candidate>candidate:3697380798 2 udp 41885694 52.1.106.254 62126 typ relay raddr 194.6.233.178 rport 37877 generation 0</candidate></iceCandidate><iceCandidate><sdpMLineIndex>0</sdpMLineIndex><sdpMid>audio</sdpMid><candidate>candidate:3697380798 1 udp 25108223 52.1.106.254 47856 typ relay raddr 194.6.233.178 rport 47400 generation 0</candidate></iceCandidate><iceCandidate><sdpMLineIndex>0</sdpMLineIndex><sdpMid>audio</sdpMid><candidate>candidate:183613341 2 udp 25108222 52.20.147.93 58607 typ relay raddr 194.6.233.178 rport 43851 generation 0</cand
10-16 13:11:49.527 24834-29466/com.quickblox.sample.videochatwebrtcnew V/VideoCapturerAndroid: Camera is running out of capture buffers. Pending buffers: [ 87828740 87828634 87828674]
10-16 13:11:49.551 24834-29466/com.quickblox.sample.videochatwebrtcnew V/VideoCapturerAndroid: Frame returned when camera is running out of capture buffers for TS 87828634
10-16 13:11:49.691 24834-29466/com.quickblox.sample.videochatwebrtcnew V/VideoCapturerAndroid: Camera is running out of capture buffers. Pending buffers: [ 87828900 87828837 87828881]
10-16 13:11:49.762 24834-29466/com.quickblox.sample.videochatwebrtcnew V/VideoCapturerAndroid: Frame returned when camera is running out of capture buffers for TS 87828837
10-16 13:11:49.879 24834-29466/com.quickblox.sample.videochatwebrtcnew V/VideoCapturerAndroid: Camera is running out of capture buffers. Pending buffers: [ 87829092 87829018 87829043]
10-16 13:11:49.910 24834-29466/com.quickblox.sample.videochatwebrtcnew V/VideoCapturerAndroid: Frame returned when camera is running out of capture buffers for TS 87829018
10-16 13:11:49.972 24834-29466/com.quickblox.sample.videochatwebrtcnew V/VideoCapturerAndroid: Camera is running out of capture buffers. Pending buffers: [ 87829092 87829176 87829043]
10-16 13:11:49.980 24834-29466/com.quickblox.sample.videochatwebrtcnew V/VideoCapturerAndroid: Frame returned when camera is running out of capture buffers for TS 87829043
10-16 13:11:50.137 24834-29466/com.quickblox.sample.videochatwebrtcnew V/VideoCapturerAndroid: Camera is running out of capture buffers. Pending buffers: [ 87829276 87829307 87829349]
10-16 13:11:50.144 24834-29466/com.quickblox.sample.videochatwebrtcnew V/VideoCapturerAndroid: Frame returned when camera is running out of capture buffers for TS 87829276
10-16 13:11:50.176 24834-29466/com.quickblox.sample.videochatwebrtcnew V/VideoCapturerAndroid: Camera is running out of capture buffers. Pending buffers: [ 87829386 87829307 87829349]
10-16 13:11:50.199 24834-29466/com.quickblox.sample.videochatwebrtcnew V/VideoCapturerAndroid: Frame returned when camera is running out of capture buffers for TS 87829307
10-16 13:11:50.340 24834-29466/com.quickblox.sample.videochatwebrtcnew V/VideoCapturerAndroid: Camera is running out of capture buffers. Pending buffers: [ 87829554 87829475 87829503]
10-16 13:11:50.363 24834-29466/com.quickblox.sample.videochatwebrtcnew V/VideoCapturerAndroid: Frame returned when camera is running out of capture buffers for TS 87829475
10-16 13:11:50.402 24834-29466/com.quickblox.sample.videochatwebrtcnew V/VideoCapturerAndroid: Camera is running out of capture buffers. Pending buffers: [ 87829554 87829614 87829503]
10-16 13:11:50.426 24834-29466/com.quickblox.sample.videochatwebrtcnew V/VideoCapturerAndroid: Frame returned when camera is running out of capture buffers for TS 87829503
10-16 13:11:50.504 24834-29446/com.quickblox.sample.videochatwebrtcnew D/QBASDK: QBGLVideoView
10-16 13:11:50.801 24834-29466/com.quickblox.sample.videochatwebrtcnew V/VideoCapturerAndroid: Camera is running out of capture buffers. Pending buffers: [ 87830005 87829859 87829907]
10-16 13:11:50.847 24834-29466/com.quickblox.sample.videochatwebrtcnew V/VideoCapturerAndroid: Frame returned when camera is running out of capture buffers for TS 87829859
10-16 13:11:51.051 24834-29466/com.quickblox.sample.videochatwebrtcnew V/VideoCapturerAndroid: Camera is running out of capture buffers. Pending buffers: [ 87830228 87830259 87830189]
10-16 13:11:51.183 24834-29466/com.quickblox.sample.videochatwebrtcnew V/VideoCapturerAndroid: Frame returned when camera is running out of capture buffers for TS 87830189
10-16 13:11:51.347 24834-29466/com.quickblox.sample.videochatwebrtcnew V/VideoCapturerAndroid: Camera is running out of capture buffers. Pending buffers: [ 87830542 87830560 87830521]
10-16 13:11:51.597 24834-29446/com.quickblox.sample.videochatwebrtcnew D/QBASDK: QBGLVideoView
10-16 13:11:51.605 24834-29466/com.quickblox.sample.videochatwebrtcnew V/VideoCapturerAndroid: Frame returned when camera is running out of capture buffers for TS 87830521
10-16 13:11:51.722 24834-29441/com.quickblox.sample.videochatwebrtcnew D/RTCClient.QBPeerChannel.PCObserver:: onIceConnectionChange to CONNECTED
10-16 13:11:51.722 24834-29441/com.quickblox.sample.videochatwebrtcnew D/LooperExecutor: Request Looper execute.
10-16 13:11:51.722 24834-29441/com.quickblox.sample.videochatwebrtcnew D/LooperExecutor: POST.Run on thread:1545
10-16 13:11:51.730 24834-29442/com.quickblox.sample.videochatwebrtcnew D/RTCClient.QBPeerChannel.PeerChannelLifeCycleTimers: Stop DisconnectTimer
10-16 13:11:51.730 24834-29442/com.quickblox.sample.videochatwebrtcnew D/RTCClient.QBRTCSession: onChannelConnectionConnected for opponent 5739691
10-16 13:11:51.730 24834-29442/com.quickblox.sample.videochatwebrtcnew D/LooperExecutor: Request Looper execute.
10-16 13:11:51.730 24834-29442/com.quickblox.sample.videochatwebrtcnew D/LooperExecutor: POST.Run on thread:1402
10-16 13:11:51.738 24834-24834/com.quickblox.sample.videochatwebrtcnew D/CallActivity: onConnectedToUser() is started
10-16 13:11:51.887 24834-29440/com.quickblox.sample.videochatwebrtcnew D/AudioRecordJni: InitRecording@[tid=29440]
10-16 13:11:51.887 24834-29440/com.quickblox.sample.videochatwebrtcnew D/WebRtcAudioRecord: InitRecording(sampleRate=44100, channels=1)
10-16 13:11:51.902 24834-29440/com.quickblox.sample.videochatwebrtcnew D/WebRtcAudioRecord: byteBuffer.capacity: 882
10-16 13:11:51.902 24834-29440/com.quickblox.sample.videochatwebrtcnew D/AudioRecordJni: OnCacheDirectBufferAddress
10-16 13:11:51.902 24834-29440/com.quickblox.sample.videochatwebrtcnew D/AudioRecordJni: direct buffer capacity: 882
10-16 13:11:51.902 24834-29440/com.quickblox.sample.videochatwebrtcnew D/WebRtcAudioRecord: AudioRecord.getMinBufferSize: 3904
10-16 13:11:51.902 24834-29440/com.quickblox.sample.videochatwebrtcnew D/WebRtcAudioRecord: bufferSizeInBytes: 3904
10-16 13:11:51.949 24834-29466/com.quickblox.sample.videochatwebrtcnew V/VideoCapturerAndroid: Camera is running out of capture buffers. Pending buffers: [ 87831108 87831155 87830941]
10-16 13:11:51.949 24834-29440/com.quickblox.sample.videochatwebrtcnew D/WebRtcAudioRecord: AudioRecord session ID: 172, audio format: 2, channels: 1, sample rate: 44100
10-16 13:11:51.965 24834-29440/com.quickblox.sample.videochatwebrtcnew D/WebRtcAudioRecord: AcousticEchoCanceler.isAvailable: true
10-16 13:11:52.066 24834-29440/com.quickblox.sample.videochatwebrtcnew D/WebRtcAudioRecord: AcousticEchoCanceler name: Acoustic Echo Canceler, implementor: The Android Open Source Project, uuid: bb392ec0-8d4d-11e0-a896-0002a5d5c51b
10-16 13:11:52.066 24834-29440/com.quickblox.sample.videochatwebrtcnew D/WebRtcAudioRecord: AcousticEchoCanceler.getEnabled: true
10-16 13:11:52.074 24834-29440/com.quickblox.sample.videochatwebrtcnew D/AudioRecordJni: frames_per_buffer: 441
10-16 13:11:52.074 24834-29440/com.quickblox.sample.videochatwebrtcnew D/AudioManager: IsCommunicationModeEnabled()
10-16 13:11:52.074 24834-29440/com.quickblox.sample.videochatwebrtcnew D/AudioRecordJni: StartRecording@[tid=29440]
10-16 13:11:52.074 24834-29440/com.quickblox.sample.videochatwebrtcnew D/WebRtcAudioRecord: StartRecording
10-16 13:11:52.316 24834-29810/com.quickblox.sample.videochatwebrtcnew D/WebRtcAudioRecord: AudioRecordThread@[name=AudioRecordJavaThread, id=1556]
10-16 13:11:52.722 24834-29466/com.quickblox.sample.videochatwebrtcnew D/VideoCapturerAndroid: Camera fps: 13. CaptureBuffers: 2.0. Pending buffers: [ 87831108 87831155 87830941]
10-16 13:11:52.965 24834-29466/com.quickblox.sample.videochatwebrtcnew V/VideoCapturerAndroid: Frame returned when camera is running out of capture buffers for TS 87831108
10-16 13:11:53.027 24834-29441/com.quickblox.sample.videochatwebrtcnew D/RTCClient.QBPeerChannel.PCObserver:: onIceConnectionChange to COMPLETED
10-16 13:11:53.027 24834-29441/com.quickblox.sample.videochatwebrtcnew D/LooperExecutor: Request Looper execute.
10-16 13:11:53.035 24834-29441/com.quickblox.sample.videochatwebrtcnew D/LooperExecutor: POST.Run on thread:1545
10-16 13:11:53.074 24834-29466/com.quickblox.sample.videochatwebrtcnew V/VideoCapturerAndroid: Camera is running out of capture buffers. Pending buffers: [ 87832282 87831155 87830941]
10-16 13:11:53.129 24834-29446/com.quickblox.sample.videochatwebrtcnew D/QBASDK: QBGLVideoView
10-16 13:11:53.215 24834-29466/com.quickblox.sample.videochatwebrtcnew V/VideoCapturerAndroid: Frame returned when camera is running out of capture buffers for TS 87831155
10-16 13:11:53.293 24834-29466/com.quickblox.sample.videochatwebrtcnew V/VideoCapturerAndroid: Camera is running out of capture buffers. Pending buffers: [ 87832282 87832505 87830941]
10-16 13:11:53.566 24834-29466/com.quickblox.sample.videochatwebrtcnew V/VideoCapturerAndroid: Frame returned when camera is running out of capture buffers for TS 87832282
10-16 13:11:54.277 24834-29595/com.quickblox.sample.videochatwebrtcnew I/dalvikvm-heap: Clamp target GC heap from 101.005MB to 96.000MB
10-16 13:11:54.293 24834-29595/com.quickblox.sample.videochatwebrtcnew D/dalvikvm: GC_FOR_ALLOC freed 2014K, 4% free 95203K/98236K, paused 668ms, total 668ms
10-16 13:11:54.293 24834-29595/com.quickblox.sample.videochatwebrtcnew I/dalvikvm-heap: Forcing collection of SoftReferences for 307216-byte allocation
10-16 13:11:54.644 24834-29595/com.quickblox.sample.videochatwebrtcnew I/dalvikvm-heap: Clamp target GC heap from 100.998MB to 96.000MB
10-16 13:11:54.840 24834-29595/com.quickblox.sample.videochatwebrtcnew D/dalvikvm: GC_BEFORE_OOM freed 71K, 4% free 95132K/98236K, paused 350ms, total 541ms
10-16 13:11:54.840 24834-29595/com.quickblox.sample.videochatwebrtcnew E/dalvikvm-heap: Out of memory on a 307216-byte allocation.
10-16 13:11:54.840 24834-29595/com.quickblox.sample.videochatwebrtcnew I/dalvikvm: "IncomingVideoSt - 29595" prio=5 tid=61 RUNNABLE
10-16 13:11:54.840 24834-29595/com.quickblox.sample.videochatwebrtcnew I/dalvikvm:   | group="main" sCount=0 dsCount=0 obj=0x42788a70 self=0x5948c978
10-16 13:11:54.840 24834-29595/com.quickblox.sample.videochatwebrtcnew I/dalvikvm:   | sysTid=29595 nice=0 sched=0/0 cgrp=apps handle=1520666584
10-16 13:11:54.847 24834-29595/com.quickblox.sample.videochatwebrtcnew I/dalvikvm:   | state=R schedstat=( 0 0 0 ) utm=25 stm=2 core=1
10-16 13:11:54.847 24834-29595/com.quickblox.sample.videochatwebrtcnew I/dalvikvm:     at dalvik.system.VMRuntime.newNonMovableArray(Native Method)
10-16 13:11:54.863 24834-29595/com.quickblox.sample.videochatwebrtcnew I/dalvikvm:     at java.nio.MemoryBlock.allocate(MemoryBlock.java:125)
10-16 13:11:54.863 24834-29595/com.quickblox.sample.videochatwebrtcnew I/dalvikvm:     at java.nio.ByteBuffer.allocateDirect(ByteBuffer.java:72)
10-16 13:11:54.879 24834-29595/com.quickblox.sample.videochatwebrtcnew I/dalvikvm:     at org.webrtc.VideoRenderer$I420Frame.<init>(VideoRenderer.java:67)
10-16 13:11:54.879 24834-29595/com.quickblox.sample.videochatwebrtcnew I/dalvikvm:     at com.quickblox.videochat.webrtc.view.FramePool.takeFrame(FramePool.java:67)
10-16 13:11:54.879 24834-29595/com.quickblox.sample.videochatwebrtcnew I/dalvikvm:     at com.quickblox.videochat.webrtc.view.QBGLVideoView.queueFrame(QBGLVideoView.java:313)
10-16 13:11:54.887 24834-29595/com.quickblox.sample.videochatwebrtcnew I/dalvikvm:     at com.quickblox.videochat.webrtc.view.VideoCallBacks.renderFrame(VideoCallBacks.java:40)
10-16 13:11:54.894 24834-29595/com.quickblox.sample.videochatwebrtcnew I/dalvikvm:     at dalvik.system.NativeStart.run(Native Method)
10-16 13:11:54.894 24834-29595/com.quickblox.sample.videochatwebrtcnew I/dalvikvm:     at dalvik.system.NativeStart.run(Native Method)
10-16 13:11:54.894 24834-29595/com.quickblox.sample.videochatwebrtcnew W/System.err: java.lang.OutOfMemoryError
10-16 13:11:54.918 24834-29466/com.quickblox.sample.videochatwebrtcnew V/VideoCapturerAndroid: Camera is running out of capture buffers. Pending buffers: [ 87833860 87832505 87830941]
10-16 13:11:54.926 24834-29466/com.quickblox.sample.videochatwebrtcnew V/VideoCapturerAndroid: Frame returned when camera is running out of capture buffers for TS 87830941
10-16 13:11:54.926 24834-29595/com.quickblox.sample.videochatwebrtcnew W/System.err:     at dalvik.system.VMRuntime.newNonMovableArray(Native Method)
10-16 13:11:54.949 24834-29595/com.quickblox.sample.videochatwebrtcnew W/System.err:     at java.nio.MemoryBlock.allocate(MemoryBlock.java:125)
10-16 13:11:54.957 24834-29595/com.quickblox.sample.videochatwebrtcnew W/System.err:     at java.nio.ByteBuffer.allocateDirect(ByteBuffer.java:72)
10-16 13:11:54.965 24834-29595/com.quickblox.sample.videochatwebrtcnew W/System.err:     at org.webrtc.VideoRenderer$I420Frame.<init>(VideoRenderer.java:67)
10-16 13:11:54.965 24834-29595/com.quickblox.sample.videochatwebrtcnew W/System.err:     at com.quickblox.videochat.webrtc.view.FramePool.takeFrame(FramePool.java:67)
10-16 13:11:54.965 24834-29595/com.quickblox.sample.videochatwebrtcnew W/System.err:     at com.quickblox.videochat.webrtc.view.QBGLVideoView.queueFrame(QBGLVideoView.java:313)
10-16 13:11:54.965 24834-29595/com.quickblox.sample.videochatwebrtcnew W/System.err:     at com.quickblox.videochat.webrtc.view.VideoCallBacks.renderFrame(VideoCallBacks.java:40)
10-16 13:11:54.972 24834-29595/com.quickblox.sample.videochatwebrtcnew W/System.err:     at dalvik.system.NativeStart.run(Native Method)
10-16 13:11:54.972 24834-29595/com.quickblox.sample.videochatwebrtcnew W/System.err:     at dalvik.system.NativeStart.run(Native Method)
10-16 13:11:54.996 24834-29595/com.quickblox.sample.videochatwebrtcnew A/libc: Fatal signal 11 (SIGSEGV) at 0xdeadbaad (code=1), thread 29595 (IncomingVideoSt)
10-16 13:11:55.035 24834-29466/com.quickblox.sample.videochatwebrtcnew V/VideoCapturerAndroid: Camera is running out of capture buffers. Pending buffers: [ 87833860 87832505 87834237]
10-16 13:11:55.105 123-123/? I/DEBUG: pid: 24834, tid: 29595, name: IncomingVideoSt  >>> com.quickblox.sample.videochatwebrtcnew <<<
10-16 13:11:56.051 123-123/? I/DEBUG:     #02  pc 0007c8ab  /data/app-lib/com.quickblox.sample.videochatwebrtcnew-1/libjingle_peerconnection_so.so
10-16 13:11:56.051 123-123/? I/DEBUG:     #03  pc 0003362f  /data/app-lib/com.quickblox.sample.videochatwebrtcnew-1/libjingle_peerconnection_so.so
10-16 13:11:56.051 123-123/? I/DEBUG:     #04  pc 0005606b  /data/app-lib/com.quickblox.sample.videochatwebrtcnew-1/libjingle_peerconnection_so.so
10-16 13:11:56.051 123-123/? I/DEBUG:     #05  pc 000cc01d  /data/app-lib/com.quickblox.sample.videochatwebrtcnew-1/libjingle_peerconnection_so.so
10-16 13:11:56.051 123-123/? I/DEBUG:     #06  pc 00054b95  /data/app-lib/com.quickblox.sample.videochatwebrtcnew-1/libjingle_peerconnection_so.so
10-16 13:11:56.058 123-123/? I/DEBUG:     #07  pc 000df685  /data/app-lib/com.quickblox.sample.videochatwebrtcnew-1/libjingle_peerconnection_so.so
10-16 13:11:56.058 123-123/? I/DEBUG:     #08  pc 0016f553  /data/app-lib/com.quickblox.sample.videochatwebrtcnew-1/libjingle_peerconnection_so.so
10-16 13:11:56.058 123-123/? I/DEBUG:     #09  pc 00151c09  /data/app-lib/com.quickblox.sample.videochatwebrtcnew-1/libjingle_peerconnection_so.so
10-16 13:11:56.058 123-123/? I/DEBUG:     #10  pc 001013bf  /data/app-lib/com.quickblox.sample.videochatwebrtcnew-1/libjingle_peerconnection_so.so
10-16 13:11:56.058 123-123/? I/DEBUG:     #11  pc 001013ef  /data/app-lib/com.quickblox.sample.videochatwebrtcnew-1/libjingle_peerconnection_so.so
10-16 13:11:56.066 123-123/? I/DEBUG:          659ddbbc  5f4c08af  /data/app-lib/com.quickblox.sample.videochatwebrtcnew-1/libjingle_peerconnection_so.so
10-16 13:11:56.066 123-123/? I/DEBUG:          659ddbec  5f477633  /data/app-lib/com.quickblox.sample.videochatwebrtcnew-1/libjingle_peerconnection_so.so
10-16 13:11:57.629 24834-29592/com.quickblox.sample.videochatwebrtcnew W/AudioTrack: releaseBuffer() track 0x5a597e68 name=0x2 disabled, restarting
10-16 13:11:57.738 377-410/? W/InputDispatcher: channel '42bc41c8 com.quickblox.sample.videochatwebrtcnew/com.quickblox.sample.videochatwebrtcnew.activities.ListUsersActivity (server)' ~ Consumer closed input channel or an error occurred.  events=0x9
10-16 13:11:57.738 377-410/? E/InputDispatcher: channel '42bc41c8 com.quickblox.sample.videochatwebrtcnew/com.quickblox.sample.videochatwebrtcnew.activities.ListUsersActivity (server)' ~ Channel is unrecoverably broken and will be disposed!
10-16 13:11:57.777 377-410/? W/InputDispatcher: channel '42ab4c20 com.quickblox.sample.videochatwebrtcnew/com.quickblox.sample.videochatwebrtcnew.activities.CallActivity (server)' ~ Consumer closed input channel or an error occurred.  events=0x9
10-16 13:11:57.777 377-410/? E/InputDispatcher: channel '42ab4c20 com.quickblox.sample.videochatwebrtcnew/com.quickblox.sample.videochatwebrtcnew.activities.CallActivity (server)' ~ Channel is unrecoverably broken and will be disposed!
10-16 13:11:57.840 377-23014/? W/InputDispatcher: Attempted to unregister already unregistered input channel '42bc41c8 com.quickblox.sample.videochatwebrtcnew/com.quickblox.sample.videochatwebrtcnew.activities.ListUsersActivity (server)'
10-16 13:11:57.840 377-23014/? I/WindowState: WIN DEATH: Window{42bc41c8 u0 com.quickblox.sample.videochatwebrtcnew/com.quickblox.sample.videochatwebrtcnew.activities.ListUsersActivity}
10-16 13:11:57.855 377-522/? W/InputDispatcher: Attempted to unregister already unregistered input channel '42ab4c20 com.quickblox.sample.videochatwebrtcnew/com.quickblox.sample.videochatwebrtcnew.activities.CallActivity (server)'
10-16 13:11:57.855 377-2175/? I/ActivityManager: Process com.quickblox.sample.videochatwebrtcnew (pid 24834) has died.
10-16 13:11:57.855 377-522/? I/WindowState: WIN DEATH: Window{42ab4c20 u0 com.quickblox.sample.videochatwebrtcnew/com.quickblox.sample.videochatwebrtcnew.activities.CallActivity}
10-16 13:11:57.871 377-522/? W/WindowManager: Force-removing child win Window{43baa9f0 u0 SurfaceView} from container Window{42ab4c20 u0 com.quickblox.sample.videochatwebrtcnew/com.quickblox.sample.videochatwebrtcnew.activities.CallActivity}
10-16 13:11:57.871 377-2175/? W/ActivityManager: Force removing ActivityRecord{42b31af0 u0 com.quickblox.sample.videochatwebrtcnew/.activities.CallActivity}: app died, no saved state