10-16 13:11:37.152 24834-24973/com.quickblox.sample.videochatwebrtcnew D/LooperExecutor: Request Looper execute.
10-16 13:11:37.152 24834-24973/com.quickblox.sample.videochatwebrtcnew D/LooperExecutor: POST.Run on thread:1545
10-16 13:11:37.324 24834-24951/com.quickblox.sample.videochatwebrtcnew D/SMACK: RCV (0): <message from="5739691-92@chat.quickblox.com/3525dd0c8bae9a41" id="1444990291296" to="5739698-92@chat.quickblox.com" type="headline" xmlns="jabber:client"><extraParams xmlns="jabber:client"><callType>1</callType><platform>android</platform><callerID>5739698</callerID><signalType>iceCandidates</signalType><moduleIdentifier>WebRTCVideoChat</moduleIdentifier><sessionID>5fa7258e-0d61-426c-a921-51a6a9f6e9c1</sessionID><version_sdk>2.2.6</version_sdk><iceCandidates><iceCandidate><sdpMLineIndex>0</sdpMLineIndex><sdpMid>audio</sdpMid><candidate>candidate:3608100986 1 udp 2122260223 192.168.0.84 60849 typ host generation 0</candidate></iceCandidate></iceCandidates><opponentsIDs><opponentID>5739691</opponentID></opponentsIDs></extraParams></message><message from="5739691-92@chat.quickblox.com/3525dd0c8bae9a41" id="1444990291296" to="5739698-92@chat.quickblox.com" type="headline" xmlns="jabber:client"><extraParams xmlns="jabber:client"><callType>1</callType><platform>android</platform><callerID>5739698</callerID><signalType>iceCandidates</signalType><moduleIdentifier>WebRTCVideoChat</moduleIdentifier><sessionID>5fa7258e-0d61-426c-a921-51a6a9f6e9c1</sessionID><version_sdk>2.2.6</version_sdk><iceCandidates><iceCandidate><sdpMLineIndex>1</sdpMLineIndex><sdpMid>video</sdpMid><candidate>candidate:3608100986 1 udp 2122260223 192.168.0.84 60849 typ host generation 0</candidate></iceC
10-16 13:11:37.324 24834-24960/com.quickblox.sample.videochatwebrtcnew D/QBRTCSessionDescription: Was created QBRTCSessionDescription{sessionID='5fa7258e-0d61-426c-a921-51a6a9f6e9c1', callerID='5739698', opponents=[5739691], conferenceType=QBConferenceType{value='1'}, userInfo={}}
10-16 13:11:37.332 24834-24960/com.quickblox.sample.videochatwebrtcnew D/MsgProcessor: Received ice candidate:audio 0 candidate:3608100986
10-16 13:11:37.332 24834-24960/com.quickblox.sample.videochatwebrtcnew D/MsgProcessor: notify candidates received
10-16 13:11:37.332 24834-24960/com.quickblox.sample.videochatwebrtcnew D/RTCClient.: onReceiveIceCandidatesFromUser 5739691, session=5fa7258e-0d61-426c-a921-51a6a9f6e9c1
10-16 13:11:37.332 24834-24960/com.quickblox.sample.videochatwebrtcnew D/LooperExecutor: Request Looper execute.
10-16 13:11:37.332 24834-24960/com.quickblox.sample.videochatwebrtcnew D/LooperExecutor: POST.Run on thread:1402
10-16 13:11:37.332 24834-24973/com.quickblox.sample.videochatwebrtcnew D/RTCClient.QBRTCSession: process ice candidates from 5739691
10-16 13:11:37.332 24834-24973/com.quickblox.sample.videochatwebrtcnew D/RTCClient.QBPeerChannel: Set iceCandidates in count of: 1
10-16 13:11:37.332 24834-24973/com.quickblox.sample.videochatwebrtcnew D/LooperExecutor: Request Looper execute.
10-16 13:11:37.332 24834-24973/com.quickblox.sample.videochatwebrtcnew D/LooperExecutor: POST.Run on thread:1545
10-16 13:11:37.371 24834-29466/com.quickblox.sample.videochatwebrtcnew V/VideoCapturerAndroid: Camera is running out of capture buffers. Pending buffers: [ 87816548 87816581 87816512]
10-16 13:11:37.394 24834-29466/com.quickblox.sample.videochatwebrtcnew V/VideoCapturerAndroid: Frame returned when camera is running out of capture buffers for TS 87816512
10-16 13:11:37.441 24834-29440/com.quickblox.sample.videochatwebrtcnew D/OpenSLESPlayer: InitPlayout@[tid=29440]
10-16 13:11:37.441 24834-29440/com.quickblox.sample.videochatwebrtcnew D/OpenSLESPlayer: CreateEngine
10-16 13:11:37.441 24834-29440/com.quickblox.sample.videochatwebrtcnew D/OpenSLESPlayer: CreateMix
10-16 13:11:37.441 24834-29440/com.quickblox.sample.videochatwebrtcnew D/AudioManager: IsCommunicationModeEnabled()
10-16 13:11:37.441 24834-29440/com.quickblox.sample.videochatwebrtcnew D/OpenSLESPlayer: StartPlayout@[tid=29440]
10-16 13:11:37.441 24834-29440/com.quickblox.sample.videochatwebrtcnew D/OpenSLESPlayer: CreateAudioPlayer
10-16 13:11:37.472 24834-24951/com.quickblox.sample.videochatwebrtcnew D/SMACK: RCV (0): andidate></iceCandidates><opponentsIDs><opponentID>5739691</opponentID></opponentsIDs></extraParams></message><message from="5739691-92@chat.quickblox.com/3525dd0c8bae9a41" id="1444990291388" to="5739698-92@chat.quickblox.com" type="headline" xmlns="jabber:client"><extraParams xmlns="jabber:client"><callType>1</callType><platform>android</platform><callerID>5739698</callerID><signalType>iceCandidates</signalType><moduleIdentifier>WebRTCVideoChat</moduleIdentifier><sessionID>5fa7258e-0d61-426c-a921-51a6a9f6e9c1</sessionID><version_sdk>2.2.6</version_sdk><iceCandidates><iceCandidate><sdpMLineIndex>0</sdpMLineIndex><sdpMid>audio</sdpMid><candidate>candidate:2576137354 1 tcp 1518280447 192.168.0.84 44937 typ host tcptype passive generation 0</candidate></iceCandidate></iceCandidates><opponentsIDs><opponentID>5739691</opponentID></opponentsIDs></extraParams></message>
10-16 13:11:37.472 24834-24960/com.quickblox.sample.videochatwebrtcnew D/QBRTCSessionDescription: Was created QBRTCSessionDescription{sessionID='5fa7258e-0d61-426c-a921-51a6a9f6e9c1', callerID='5739698', opponents=[5739691], conferenceType=QBConferenceType{value='1'}, userInfo={}}
10-16 13:11:37.472 24834-24960/com.quickblox.sample.videochatwebrtcnew D/MsgProcessor: Received ice candidate:video 1 candidate:3608100986
10-16 13:11:37.472 24834-24960/com.quickblox.sample.videochatwebrtcnew D/MsgProcessor: notify candidates received
10-16 13:11:37.472 24834-24960/com.quickblox.sample.videochatwebrtcnew D/RTCClient.: onReceiveIceCandidatesFromUser 5739691, session=5fa7258e-0d61-426c-a921-51a6a9f6e9c1
10-16 13:11:37.472 24834-24960/com.quickblox.sample.videochatwebrtcnew D/LooperExecutor: Request Looper execute.
10-16 13:11:37.472 24834-24960/com.quickblox.sample.videochatwebrtcnew D/LooperExecutor: POST.Run on thread:1402
10-16 13:11:37.480 24834-24973/com.quickblox.sample.videochatwebrtcnew D/RTCClient.QBRTCSession: process ice candidates from 5739691
10-16 13:11:37.480 24834-24973/com.quickblox.sample.videochatwebrtcnew D/RTCClient.QBPeerChannel: Set iceCandidates in count of: 1
10-16 13:11:37.488 24834-24973/com.quickblox.sample.videochatwebrtcnew D/LooperExecutor: Request Looper execute.
10-16 13:11:37.488 24834-24973/com.quickblox.sample.videochatwebrtcnew D/LooperExecutor: POST.Run on thread:1545
10-16 13:11:37.488 24834-24960/com.quickblox.sample.videochatwebrtcnew D/QBRTCSessionDescription: Was created QBRTCSessionDescription{sessionID='5fa7258e-0d61-426c-a921-51a6a9f6e9c1', callerID='5739698', opponents=[5739691], conferenceType=QBConferenceType{value='1'}, userInfo={}}
10-16 13:11:37.488 24834-24960/com.quickblox.sample.videochatwebrtcnew D/MsgProcessor: Received ice candidate:audio 0 candidate:2576137354
10-16 13:11:37.488 24834-24960/com.quickblox.sample.videochatwebrtcnew D/MsgProcessor: notify candidates received
10-16 13:11:37.488 24834-24960/com.quickblox.sample.videochatwebrtcnew D/RTCClient.: onReceiveIceCandidatesFromUser 5739691, session=5fa7258e-0d61-426c-a921-51a6a9f6e9c1
10-16 13:11:37.488 24834-24960/com.quickblox.sample.videochatwebrtcnew D/LooperExecutor: Request Looper execute.
10-16 13:11:37.488 24834-24960/com.quickblox.sample.videochatwebrtcnew D/LooperExecutor: POST.Run on thread:1402
10-16 13:11:37.488 24834-24973/com.quickblox.sample.videochatwebrtcnew D/RTCClient.QBRTCSession: process ice candidates from 5739691
10-16 13:11:37.488 24834-24973/com.quickblox.sample.videochatwebrtcnew D/RTCClient.QBPeerChannel: Set iceCandidates in count of: 1
10-16 13:11:37.488 24834-24973/com.quickblox.sample.videochatwebrtcnew D/LooperExecutor: Request Looper execute.
10-16 13:11:37.488 24834-24973/com.quickblox.sample.videochatwebrtcnew D/LooperExecutor: POST.Run on thread:1545
10-16 13:11:37.519 24834-29441/com.quickblox.sample.videochatwebrtcnew D/RTCClient.QBPeerChannel.PCObserver:: onSignalingChange to STABLE
10-16 13:11:37.566 24834-24951/com.quickblox.sample.videochatwebrtcnew D/SMACK: RCV (0): <message from="5739691-92@chat.quickblox.com/3525dd0c8bae9a41" id="1444990291388" to="5739698-92@chat.quickblox.com" type="headline" xmlns="jabber:client"><extraParams xmlns="jabber:client"><callType>1</callType><platform>android</platform><callerID>5739698</callerID><signalType>iceCandidates</signalType><moduleIdentifier>WebRTCVideoChat</moduleIdentifier><sessionID>5fa7258e-0d61-426c-a921-51a6a9f6e9c1</sessionID><version_sdk>2.2.6</version_sdk><iceCandidates><iceCandidate><sdpMLineIndex>1</sdpMLineIndex><sdpMid>video</sdpMid><candidate>candidate:2576137354 1 tcp 1518280447 192.168.0.84 44937 typ host tcptype passive generation 0</candidate></iceCandidate></iceCandidates><opponentsIDs><opponentID>5739691</opponentID></opponentsIDs></extraParams></message><message from="5739691-92@chat.quickblox.com/3525dd0c8bae9a41" id="1444990291432" to="5739698-92@chat.quickblox.com" type="headline" xmlns="jabber:client"><extraParams xmlns="jabber:client"><callType>1</callType><platform>android</platform><callerID>5739698</callerID><signalType>iceCandidates</signalType><moduleIdentifier>WebRTCVideoChat</moduleIdentifier><sessionID>5fa7258e-0d61-426c-a921-51a6a9f6e9c1</sessionID><version_sdk>2.2.6</version_sdk><iceCandidates><iceCandidate><sdpMLineIndex>0</sdpMLineIndex><sdpMid>audio</sdpMid><candidate>candidate:555694510 1 udp 1686052607 194.6.233.178 60849 typ srflx raddr 192.168
10-16 13:11:37.566 24834-24960/com.quickblox.sample.videochatwebrtcnew D/QBRTCSessionDescription: Was created QBRTCSessionDescription{sessionID='5fa7258e-0d61-426c-a921-51a6a9f6e9c1', callerID='5739698', opponents=[5739691], conferenceType=QBConferenceType{value='1'}, userInfo={}}
10-16 13:11:37.566 24834-24960/com.quickblox.sample.videochatwebrtcnew D/MsgProcessor: Received ice candidate:video 1 candidate:2576137354
10-16 13:11:37.566 24834-24960/com.quickblox.sample.videochatwebrtcnew D/MsgProcessor: notify candidates received
10-16 13:11:37.566 24834-24960/com.quickblox.sample.videochatwebrtcnew D/RTCClient.: onReceiveIceCandidatesFromUser 5739691, session=5fa7258e-0d61-426c-a921-51a6a9f6e9c1
10-16 13:11:37.566 24834-24960/com.quickblox.sample.videochatwebrtcnew D/LooperExecutor: Request Looper execute.
10-16 13:11:37.566 24834-24960/com.quickblox.sample.videochatwebrtcnew D/LooperExecutor: POST.Run on thread:1402
10-16 13:11:37.566 24834-24973/com.quickblox.sample.videochatwebrtcnew D/RTCClient.QBRTCSession: process ice candidates from 5739691
10-16 13:11:37.566 24834-24973/com.quickblox.sample.videochatwebrtcnew D/RTCClient.QBPeerChannel: Set iceCandidates in count of: 1
10-16 13:11:37.566 24834-24973/com.quickblox.sample.videochatwebrtcnew D/LooperExecutor: Request Looper execute.
10-16 13:11:37.566 24834-24973/com.quickblox.sample.videochatwebrtcnew D/LooperExecutor: POST.Run on thread:1545
10-16 13:11:37.590 24834-29466/com.quickblox.sample.videochatwebrtcnew V/VideoCapturerAndroid: Camera is running out of capture buffers. Pending buffers: [ 87816710 87816741 87816804]
10-16 13:11:37.613 24834-24951/com.quickblox.sample.videochatwebrtcnew D/SMACK: RCV (0): .0.84 rport 60849 generation 0</candidate></iceCandidate></iceCandidates><opponentsIDs><opponentID>5739691</opponentID></opponentsIDs></extraParams></message>
10-16 13:11:37.613 24834-24960/com.quickblox.sample.videochatwebrtcnew D/QBRTCSessionDescription: Was created QBRTCSessionDescription{sessionID='5fa7258e-0d61-426c-a921-51a6a9f6e9c1', callerID='5739698', opponents=[5739691], conferenceType=QBConferenceType{value='1'}, userInfo={}}
10-16 13:11:37.613 24834-24960/com.quickblox.sample.videochatwebrtcnew D/MsgProcessor: Received ice candidate:audio 0 candidate:555694510 
10-16 13:11:37.613 24834-24960/com.quickblox.sample.videochatwebrtcnew D/MsgProcessor: notify candidates received
10-16 13:11:37.613 24834-24960/com.quickblox.sample.videochatwebrtcnew D/RTCClient.: onReceiveIceCandidatesFromUser 5739691, session=5fa7258e-0d61-426c-a921-51a6a9f6e9c1
10-16 13:11:37.613 24834-24960/com.quickblox.sample.videochatwebrtcnew D/LooperExecutor: Request Looper execute.
10-16 13:11:37.613 24834-24960/com.quickblox.sample.videochatwebrtcnew D/LooperExecutor: POST.Run on thread:1402
10-16 13:11:37.613 24834-24973/com.quickblox.sample.videochatwebrtcnew D/RTCClient.QBRTCSession: process ice candidates from 5739691
10-16 13:11:37.613 24834-24973/com.quickblox.sample.videochatwebrtcnew D/RTCClient.QBPeerChannel: Set iceCandidates in count of: 1
10-16 13:11:37.613 24834-24973/com.quickblox.sample.videochatwebrtcnew D/LooperExecutor: Request Looper execute.
10-16 13:11:37.613 24834-24973/com.quickblox.sample.videochatwebrtcnew D/LooperExecutor: POST.Run on thread:1545
10-16 13:11:37.660 24834-29466/com.quickblox.sample.videochatwebrtcnew V/VideoCapturerAndroid: Frame returned when camera is running out of capture buffers for TS 87816710
10-16 13:11:37.683 24834-29441/com.quickblox.sample.videochatwebrtcnew D/RTCClient.QBPeerChannel.PCObserver:: onAddStream
10-16 13:11:37.683 24834-29441/com.quickblox.sample.videochatwebrtcnew D/LooperExecutor: Request Looper execute.
10-16 13:11:37.683 24834-29441/com.quickblox.sample.videochatwebrtcnew D/LooperExecutor: POST.Run on thread:1545
10-16 13:11:37.683 24834-29441/com.quickblox.sample.videochatwebrtcnew D/RTCClient.QBPeerChannel.PCObserver:: onIceConnectionChange to CHECKING
10-16 13:11:37.683 24834-29441/com.quickblox.sample.videochatwebrtcnew D/LooperExecutor: Request Looper execute.
10-16 13:11:37.691 24834-29441/com.quickblox.sample.videochatwebrtcnew D/LooperExecutor: POST.Run on thread:1545
10-16 13:11:37.691 24834-29441/com.quickblox.sample.videochatwebrtcnew D/RTCClient.QBPeerChannel.SDPObserver:: onSetSuccess
10-16 13:11:37.691 24834-29441/com.quickblox.sample.videochatwebrtcnew D/LooperExecutor: Request Looper execute.
10-16 13:11:37.691 24834-29441/com.quickblox.sample.videochatwebrtcnew D/LooperExecutor: POST.Run on thread:1545
10-16 13:11:37.699 24834-29442/com.quickblox.sample.videochatwebrtcnew D/RTCClient.QBPeerChannel.PCObserver:: set remote stream TO remote renderer 
10-16 13:11:37.699 24834-29442/com.quickblox.sample.videochatwebrtcnew D/RTCClient.QBRTCSession: onRemoteVideoTrackReceive for opponent 5739691
10-16 13:11:37.699 24834-29442/com.quickblox.sample.videochatwebrtcnew D/LooperExecutor: Request Looper execute.
10-16 13:11:37.699 24834-29442/com.quickblox.sample.videochatwebrtcnew D/LooperExecutor: POST.Run on thread:1402
10-16 13:11:37.699 24834-29442/com.quickblox.sample.videochatwebrtcnew D/RTCClient.QBRTCSession: onChannelConnectionConnecting for opponent 5739691
10-16 13:11:37.699 24834-24973/com.quickblox.sample.videochatwebrtcnew D/ConversationFragment: onRemoteVideoTrackReceive for opponent= 5739691
10-16 13:11:37.699 24834-24973/com.quickblox.sample.videochatwebrtcnew D/ConversationFragment: getViewForOpponent holder user id is : 5739691
10-16 13:11:37.699 24834-29442/com.quickblox.sample.videochatwebrtcnew D/LooperExecutor: Request Looper execute.
10-16 13:11:37.699 24834-29442/com.quickblox.sample.videochatwebrtcnew D/LooperExecutor: POST.Run on thread:1402
10-16 13:11:37.699 24834-24973/com.quickblox.sample.videochatwebrtcnew D/QBGLVideoView: setVideoTrack
10-16 13:11:37.699 24834-24973/com.quickblox.sample.videochatwebrtcnew D/ConversationFragment: onRemoteVideoTrackReceive() is rendering
10-16 13:11:37.707 24834-29442/com.quickblox.sample.videochatwebrtcnew D/RTCClient.QBPeerChannel.SDPObserver:: Remote SDP set successfully
10-16 13:11:37.707 24834-29442/com.quickblox.sample.videochatwebrtcnew D/RTCClient.QBPeerChannel.SDPObserver:: Add 20 remote candidates
10-16 13:11:37.707 24834-29442/com.quickblox.sample.videochatwebrtcnew D/RTCClient.QBRTCSession: onIceCandidatesSend for channel opponent 5739691
10-16 13:11:37.707 24834-29442/com.quickblox.sample.videochatwebrtcnew D/LooperExecutor: Request Looper execute.
10-16 13:11:37.707 24834-29442/com.quickblox.sample.videochatwebrtcnew D/LooperExecutor: POST.Run on thread:1402
10-16 13:11:37.707 24834-24973/com.quickblox.sample.videochatwebrtcnew D/RTCClient.QBSignalChannel: start assemble IceCandidates
10-16 13:11:37.707 24834-24973/com.quickblox.sample.videochatwebrtcnew D/RTCClient.QBSignalChannel: assembled message [session: 5fa7258e-0d61-426c-a921-51a6a9f6e9c1]
10-16 13:11:37.715 24834-24973/com.quickblox.sample.videochatwebrtcnew D/RTCClient.QBRTCSession: iceCandidates message is sending to opponent5739691
10-16 13:11:37.715 24834-29466/com.quickblox.sample.videochatwebrtcnew D/VideoCapturerAndroid: Camera fps: 20. CaptureBuffers: 2.1. Pending buffers: []
10-16 13:11:37.722 24834-24950/com.quickblox.sample.videochatwebrtcnew D/PARSER: <iceCandidates><iceCandidate><sdpMLineIndex>0</sdpMLineIndex><sdpMid>audio</sdpMid><candidate>candidate:3120456615 1 udp 2122260223 192.168.1.78 36993 typ host generation 0</candidate></iceCandidate><iceCandidate><sdpMLineIndex>0</sdpMLineIndex><sdpMid>audio</sdpMid><candidate>candidate:3120456615 2 udp 2122260222 192.168.1.78 50374 typ host generation 0</candidate></iceCandidate><iceCandidate><sdpMLineIndex>1</sdpMLineIndex><sdpMid>video</sdpMid><candidate>candidate:3120456615 1 udp 2122260223 192.168.1.78 54085 typ host generation 0</candidate></iceCandidate><iceCandidate><sdpMLineIndex>1</sdpMLineIndex><sdpMid>video</sdpMid><candidate>candidate:3120456615 2 udp 2122260222 192.168.1.78 37877 typ host generation 0</candidate></iceCandidate><iceCandidate><sdpMLineIndex>0</sdpMLineIndex><sdpMid>audio</sdpMid><candidate>candidate:4152205143 1 tcp 1518280447 192.168.1.78 51953 typ host tcptype passive generation 0</candidate></iceCandidate><iceCandidate><sdpMLineIndex>0</sdpMLineIndex><sdpMid>audio</sdpMid><candidate>candidate:4152205143 2 tcp 1518280446 192.168.1.78 59692 typ host tcptype passive generation 0</candidate></iceCandidate><iceCandidate><sdpMLineIndex>1</sdpMLineIndex><sdpMid>video</sdpMid><candidate>candidate:4152205143 1 tcp 1518280447 192.168.1.78 41586 typ host tcptype passive generation 0</candidate></iceCandidate><iceCandidate><sdpMLineIndex>1</sdpMLineIndex><sdpMid>video</sdpMid><candidate>candidate:4152205143 2 tcp 1518280446 192.168.1.78 36491 typ host tcptype passive generation 0</candidate></iceCandidate><iceCandidate><sdpMLineIndex>1</sdpMLineIndex><sdpMid>video</sdpMid><candidate>candidate:1341004403 1 udp 1686052607 194.6.233.178 54085 typ srflx raddr 192.168.1.78 rport 54085 generation 0</candidate></iceCandidate><iceCandidate><sdpMLineIndex>0</sdpMLineIndex><sdpMid>audio</sdpMid><candidate>candidate:1341004403 2 udp 1686052606 194.6.233.178 50374 typ srflx raddr 192.168.1.78 rport 50374 generation 0</candidate></iceCandidate><iceCandidate><sdpMLineIndex>1</sdpMLineIndex><sdpMid>video</sdpMid><candidate>candidate:1341004403 2 udp 1686052606 194.6.233.178 37877 typ srflx raddr 192.168.1.78 rport 37877 generation 0</candidate></iceCandidate><iceCandidate><sdpMLineIndex>0</sdpMLineIndex><sdpMid>audio</sdpMid><candidate>candidate:1341004403 1 udp 1686052607 194.6.233.178 36993 typ srflx raddr 192.168.1.78 rport 36993 generation 0</candidate></iceCandidate><iceCandidate><sdpMLineIndex>0</sdpMLineIndex><sdpMid>audio</sdpMid><candidate>candidate:3697380798 2 udp 41885694 52.1.106.254 54335 typ relay raddr 194.6.233.178 rport 50374 generation 0</candidate></iceCandidate><iceCandidate><sdpMLineIndex>1</sdpMLineIndex><sdpMid>video</sdpMid><candidate>candidate:183613341 1 udp 41885695 52.20.147.93 55851 typ relay raddr 194.6.233.178 rport 54085 generation 0</candidate></iceCandidate><iceCandidate><sdpMLineIndex>0</sdpMLineIndex><sdpMid>audio</sdpMid><candidate>candidate:183613341 1 udp 41885695 52.20.147.93 56540 typ relay raddr 194.6.233.178 rport 36993 generation 0</candidate></iceCandidate><iceCandidate><sdpMLineIndex>1</sdpMLineIndex><sdpMid>video</sdpMid><candidate>candidate:3697380798 2 udp 41885694 52.1.106.254 62126 typ relay raddr 194.6.233.178 rport 37877 generation 0</candidate></iceCandidate><iceCandidate><sdpMLineIndex>0</sdpMLineIndex><sdpMid>audio</sdpMid><candidate>candidate:3697380798 1 udp 25108223 52.1.106.254 47856 typ relay raddr 194.6.233.178 rport 47400 generation 0</candidate></iceCandidate><iceCandidate><sdpMLineIndex>0</sdpMLineIndex><sdpMid>audio</sdpMid><candidate>candidate:183613341 2 udp 25108222 52.20.147.93 58607 typ relay raddr 194.6.233.178 rport 43851 generation 0</candidate></iceCandidate><iceCandidate><sdpMLineIndex>1</sdpMLineIndex><sdpMid>video</sdpMid><candidate>candidate:3697380798 1 udp 25108223 52.1.106.254 35179 typ relay raddr 194.6.233.178 rport 51512 generation 0</candidate></iceCandidate><iceCandidate><sdpMLineIndex>1</sdpMLineIndex><sdpMid>video</sdpMid><candidate>candidate:183613341 2 udp 25108222 52.20.147.93 51664 typ relay rad
10-16 13:11:37.730 24834-24973/com.quickblox.sample.videochatwebrtcnew D/RTCClient.QBRTCSession: Candidates in count of 20 was sent
10-16 13:11:37.754 24834-24951/com.quickblox.sample.videochatwebrtcnew D/SMACK: RCV (0): <message from="5739691-92@chat.quickblox.com/3525dd0c8bae9a41" id="1444990291433" to="5739698-92@chat.quickblox.com" type="headline" xmlns="jabber:client"><extraParams xmlns="jabber:client"><callType>1</callType><platform>android</platform><callerID>5739698</callerID><signalType>iceCandidates</signalType><moduleIdentifier>WebRTCVideoChat</moduleIdentifier><sessionID>5fa7258e-0d61-426c-a921-51a6a9f6e9c1</sessionID><version_sdk>2.2.6</version_sdk><iceCandidates><iceCandidate><sdpMLineIndex>1</sdpMLineIndex><sdpMid>video</sdpMid><candidate>candidate:555694510 1 udp 1686052607 194.6.233.178 60849 typ srflx raddr 192.168.0.84 rport 60849 generation 0</candidate></iceCandidate></iceCandidates><opponentsIDs><opponentID>5739691</opponentID></opponentsIDs></extraParams></message>
10-16 13:11:37.754 24834-24960/com.quickblox.sample.videochatwebrtcnew D/QBRTCSessionDescription: Was created QBRTCSessionDescription{sessionID='5fa7258e-0d61-426c-a921-51a6a9f6e9c1', callerID='5739698', opponents=[5739691], conferenceType=QBConferenceType{value='1'}, userInfo={}}
10-16 13:11:37.754 24834-24960/com.quickblox.sample.videochatwebrtcnew D/MsgProcessor: Received ice candidate:video 1 candidate:555694510 
10-16 13:11:37.754 24834-24960/com.quickblox.sample.videochatwebrtcnew D/MsgProcessor: notify candidates received
10-16 13:11:37.754 24834-24960/com.quickblox.sample.videochatwebrtcnew D/RTCClient.: onReceiveIceCandidatesFromUser 5739691, session=5fa7258e-0d61-426c-a921-51a6a9f6e9c1
10-16 13:11:37.754 24834-24960/com.quickblox.sample.videochatwebrtcnew D/LooperExecutor: Request Looper execute.
10-16 13:11:37.754 24834-24960/com.quickblox.sample.videochatwebrtcnew D/LooperExecutor: POST.Run on thread:1402
10-16 13:11:37.754 24834-24973/com.quickblox.sample.videochatwebrtcnew D/RTCClient.QBRTCSession: process ice candidates from 5739691
10-16 13:11:37.754 24834-24973/com.quickblox.sample.videochatwebrtcnew D/RTCClient.QBPeerChannel: Set iceCandidates in count of: 1
10-16 13:11:37.754 24834-24973/com.quickblox.sample.videochatwebrtcnew D/LooperExecutor: Request Looper execute.
10-16 13:11:37.754 24834-24973/com.quickblox.sample.videochatwebrtcnew D/LooperExecutor: POST.Run on thread:1545
10-16 13:11:37.816 24834-29466/com.quickblox.sample.videochatwebrtcnew V/VideoCapturerAndroid: Camera is running out of capture buffers. Pending buffers: [ 87816949 87817002 87817028]
10-16 13:11:37.910 24834-29466/com.quickblox.sample.videochatwebrtcnew V/VideoCapturerAndroid: Frame returned when camera is running out of capture buffers for TS 87816949
10-16 13:11:38.074 24834-29446/com.quickblox.sample.videochatwebrtcnew D/QBASDK: QBGLVideoView
10-16 13:11:38.090 24834-29466/com.quickblox.sample.videochatwebrtcnew V/VideoCapturerAndroid: Camera is running out of capture buffers. Pending buffers: [ 87817273 87817300 87817254]
10-16 13:11:38.144 24834-29466/com.quickblox.sample.videochatwebrtcnew V/VideoCapturerAndroid: Frame returned when camera is running out of capture buffers for TS 87817254
10-16 13:11:38.332 24834-29466/com.quickblox.sample.videochatwebrtcnew V/VideoCapturerAndroid: Camera is running out of capture buffers. Pending buffers: [ 87817539 87817470 87817496]
10-16 13:11:38.340 24834-29466/com.quickblox.sample.videochatwebrtcnew V/VideoCapturerAndroid: Frame returned when camera is running out of capture buffers for TS 87817470
10-16 13:11:38.465 24834-29466/com.quickblox.sample.videochatwebrtcnew V/VideoCapturerAndroid: Camera is running out of capture buffers. Pending buffers: [ 87817676 87817605 87817626]
10-16 13:11:38.480 24834-29466/com.quickblox.sample.videochatwebrtcnew V/VideoCapturerAndroid: Frame returned when camera is running out of capture buffers for TS 87817605
10-16 13:11:38.543 24834-24951/com.quickblox.sample.videochatwebrtcnew D/SMACK: RCV (0): <message from="5739691-92@chat.quickblox.com/3525dd0c8bae9a41" id="1444990291685" to="5739698-92@chat.quickblox.com" type="headline" xmlns="jabber:client"><extraParams xmlns="jabber:client"><callType>1</callType><platform>android</platform><callerID>5739698</callerID><signalType>iceCandidates</signalType><moduleIdentifier>WebRTCVideoChat</moduleIdentifier><sessionID>5fa7258e-0d61-426c-a921-51a6a9f6e9c1</sessionID><version_sdk>2.2.6</version_sdk><iceCandidates><iceCandidate><sdpMLineIndex>0</sdpMLineIndex><sdpMid>audio</sdpMid><candidate>candidate:183613341 1 udp 41885695 52.20.147.93 32651 typ relay raddr 194.6.233.178 rport 60849 generation 0</candidate></iceCandidate></iceCandidates><opponentsIDs><opponentID>5739691</opponentID></opponentsIDs></extraParams></message>
10-16 13:11:38.543 24834-24960/com.quickblox.sample.videochatwebrtcnew D/QBRTCSessionDescription: Was created QBRTCSessionDescription{sessionID='5fa7258e-0d61-426c-a921-51a6a9f6e9c1', callerID='5739698', opponents=[5739691], conferenceType=QBConferenceType{value='1'}, userInfo={}}
10-16 13:11:38.543 24834-24960/com.quickblox.sample.videochatwebrtcnew D/MsgProcessor: Received ice candidate:audio 0 candidate:183613341 
10-16 13:11:38.543 24834-24960/com.quickblox.sample.videochatwebrtcnew D/MsgProcessor: notify candidates received
10-16 13:11:38.543 24834-24960/com.quickblox.sample.videochatwebrtcnew D/RTCClient.: onReceiveIceCandidatesFromUser 5739691, session=5fa7258e-0d61-426c-a921-51a6a9f6e9c1
10-16 13:11:38.543 24834-24960/com.quickblox.sample.videochatwebrtcnew D/LooperExecutor: Request Looper execute.
10-16 13:11:38.543 24834-24960/com.quickblox.sample.videochatwebrtcnew D/LooperExecutor: POST.Run on thread:1402
10-16 13:11:38.543 24834-24973/com.quickblox.sample.videochatwebrtcnew D/RTCClient.QBRTCSession: process ice candidates from 5739691
10-16 13:11:38.543 24834-24973/com.quickblox.sample.videochatwebrtcnew D/RTCClient.QBPeerChannel: Set iceCandidates in count of: 1
10-16 13:11:38.543 24834-24973/com.quickblox.sample.videochatwebrtcnew D/LooperExecutor: Request Looper execute.
10-16 13:11:38.543 24834-24973/com.quickblox.sample.videochatwebrtcnew D/LooperExecutor: POST.Run on thread:1545
10-16 13:11:38.590 24834-29466/com.quickblox.sample.videochatwebrtcnew V/VideoCapturerAndroid: Camera is running out of capture buffers. Pending buffers: [ 87817804 87817733 87817761]
10-16 13:11:38.597 24834-29466/com.quickblox.sample.videochatwebrtcnew V/VideoCapturerAndroid: Frame returned when camera is running out of capture buffers for TS 87817733
10-16 13:11:38.652 24834-24951/com.quickblox.sample.videochatwebrtcnew D/SMACK: RCV (0): <message from="5739691-92@chat.quickblox.com/3525dd0c8bae9a41" id="1444990291686" to="5739698-92@chat.quickblox.com" type="headline" xmlns="jabber:client"><extraParams xmlns="jabber:client"><callType>1</callType><platform>android</platform><callerID>5739698</callerID><signalType>iceCandidates</signalType><moduleIdentifier>WebRTCVideoChat</moduleIdentifier><sessionID>5fa7258e-0d61-426c-a921-51a6a9f6e9c1</sessionID><version_sdk>2.2.6</version_sdk><iceCandidates><iceCandidate><sdpMLineIndex>1</sdpMLineIndex><sdpMid>video</sdpMid><candidate>candidate:183613341 1 udp 41885695 52.20.147.93 32651 typ relay raddr 194.6.233.178 rport 60849 generation 0</candidate></iceCandidate></iceCandidates><opponentsIDs><opponentID>5739691</opponentID></opponentsIDs></extraParams></message><message from="5739691-92@chat.quickblox.com/3525dd0c8bae9a41" id="1444990291923" to="5739698-92@chat.quickblox.com" type="headline" xmlns="jabber:client"><extraParams xmlns="jabber:client"><callType>1</callType><platform>android</platform><callerID>5739698</callerID><signalType>iceCandidates</signalType><moduleIdentifier>WebRTCVideoChat</moduleIdentifier><sessionID>5fa7258e-0d61-426c-a921-51a6a9f6e9c1</sessionID><version_sdk>2.2.6</version_sdk><iceCandidates><iceCandidate><sdpMLineIndex>0</sdpMLineIndex><sdpMid>audio</sdpMid><candidate>candidate:3697380798 1 udp 25108223 52.1.106.254 35200 typ relay r
10-16 13:11:38.660 24834-24960/com.quickblox.sample.videochatwebrtcnew D/QBRTCSessionDescription: Was created QBRTCSessionDescription{sessionID='5fa7258e-0d61-426c-a921-51a6a9f6e9c1', callerID='5739698', opponents=[5739691], conferenceType=QBConferenceType{value='1'}, userInfo={}}
10-16 13:11:38.660 24834-24960/com.quickblox.sample.videochatwebrtcnew D/MsgProcessor: Received ice candidate:video 1 candidate:183613341 
10-16 13:11:38.660 24834-24960/com.quickblox.sample.videochatwebrtcnew D/MsgProcessor: notify candidates received
10-16 13:11:38.660 24834-24960/com.quickblox.sample.videochatwebrtcnew D/RTCClient.: onReceiveIceCandidatesFromUser 5739691, session=5fa7258e-0d61-426c-a921-51a6a9f6e9c1
10-16 13:11:38.660 24834-24960/com.quickblox.sample.videochatwebrtcnew D/LooperExecutor: Request Looper execute.
10-16 13:11:38.660 24834-24960/com.quickblox.sample.videochatwebrtcnew D/LooperExecutor: POST.Run on thread:1402
10-16 13:11:38.660 24834-24973/com.quickblox.sample.videochatwebrtcnew D/RTCClient.QBRTCSession: process ice candidates from 5739691
10-16 13:11:38.660 24834-24973/com.quickblox.sample.videochatwebrtcnew D/RTCClient.QBPeerChannel: Set iceCandidates in count of: 1
10-16 13:11:38.660 24834-24973/com.quickblox.sample.videochatwebrtcnew D/LooperExecutor: Request Looper execute.
10-16 13:11:38.660 24834-24973/com.quickblox.sample.videochatwebrtcnew D/LooperExecutor: POST.Run on thread:1545
10-16 13:11:38.699 24834-24951/com.quickblox.sample.videochatwebrtcnew D/SMACK: RCV (0): addr 194.6.233.178 rport 52112 generation 0</candidate></iceCandidate></iceCandidates><opponentsIDs><opponentID>5739691</opponentID></opponentsIDs></extraParams></message><message from="5739691-92@chat.quickblox.com/3525dd0c8bae9a41" id="1444990291923" to="5739698-92@chat.quickblox.com" type="headline" xmlns="jabber:client"><extraParams xmlns="jabber:client"><callType>1</callType><platform>android</platform><callerID>5739698</callerID><signalType>iceCandidates</signalType><moduleIdentifier>WebRTCVideoChat</moduleIdentifier><sessionID>5fa7258e-0d61-426c-a921-51a6a9f6e9c1</sessionID><version_sdk>2.2.6</version_sdk><iceCandidates><iceCandidate><sdpMLineIndex>1</sdpMLineIndex><sdpMid>video</sdpMid><candidate>candidate:3697380798 1 udp 25108223 52.1.106.254 35200 typ relay raddr 194.6.233.178 rport 52112 generation 0</candidate></iceCandidate></iceCandidates><opponentsIDs><opponentID>5739691</opponentID></opponentsIDs></extraParams></message>
10-16 13:11:38.699 24834-24960/com.quickblox.sample.videochatwebrtcnew D/QBRTCSessionDescription: Was created QBRTCSessionDescription{sessionID='5fa7258e-0d61-426c-a921-51a6a9f6e9c1', callerID='5739698', opponents=[5739691], conferenceType=QBConferenceType{value='1'}, userInfo={}}
10-16 13:11:38.699 24834-24960/com.quickblox.sample.videochatwebrtcnew D/MsgProcessor: Received ice candidate:audio 0 candidate:3697380798
10-16 13:11:38.699 24834-24960/com.quickblox.sample.videochatwebrtcnew D/MsgProcessor: notify candidates received
10-16 13:11:38.699 24834-24960/com.quickblox.sample.videochatwebrtcnew D/RTCClient.: onReceiveIceCandidatesFromUser 5739691, session=5fa7258e-0d61-426c-a921-51a6a9f6e9c1
10-16 13:11:38.699 24834-24960/com.quickblox.sample.videochatwebrtcnew D/LooperExecutor: Request Looper execute.
10-16 13:11:38.699 24834-24960/com.quickblox.sample.videochatwebrtcnew D/LooperExecutor: POST.Run on thread:1402
10-16 13:11:38.699 24834-24960/com.quickblox.sample.videochatwebrtcnew D/QBRTCSessionDescription: Was created QBRTCSessionDescription{sessionID='5fa7258e-0d61-426c-a921-51a6a9f6e9c1', callerID='5739698', opponents=[5739691], conferenceType=QBConferenceType{value='1'}, userInfo={}}
10-16 13:11:38.699 24834-24973/com.quickblox.sample.videochatwebrtcnew D/RTCClient.QBRTCSession: process ice candidates from 5739691
10-16 13:11:38.699 24834-24973/com.quickblox.sample.videochatwebrtcnew D/RTCClient.QBPeerChannel: Set iceCandidates in count of: 1
10-16 13:11:38.699 24834-24973/com.quickblox.sample.videochatwebrtcnew D/LooperExecutor: Request Looper execute.
10-16 13:11:38.699 24834-24973/com.quickblox.sample.videochatwebrtcnew D/LooperExecutor: POST.Run on thread:1545
10-16 13:11:38.707 24834-24960/com.quickblox.sample.videochatwebrtcnew D/MsgProcessor: Received ice candidate:video 1 candidate:3697380798
10-16 13:11:38.707 24834-24960/com.quickblox.sample.videochatwebrtcnew D/MsgProcessor: notify candidates received
10-16 13:11:38.707 24834-24960/com.quickblox.sample.videochatwebrtcnew D/RTCClient.: onReceiveIceCandidatesFromUser 5739691, session=5fa7258e-0d61-426c-a921-51a6a9f6e9c1
10-16 13:11:38.707 24834-24960/com.quickblox.sample.videochatwebrtcnew D/LooperExecutor: Request Looper execute.
10-16 13:11:38.707 24834-24960/com.quickblox.sample.videochatwebrtcnew D/LooperExecutor: POST.Run on thread:1402
10-16 13:11:38.707 24834-24973/com.quickblox.sample.videochatwebrtcnew D/RTCClient.QBRTCSession: process ice candidates from 5739691
10-16 13:11:38.707 24834-24973/com.quickblox.sample.videochatwebrtcnew D/RTCClient.QBPeerChannel: Set iceCandidates in count of: 1
10-16 13:11:38.707 24834-24973/com.quickblox.sample.videochatwebrtcnew D/LooperExecutor: Request Looper execute.
10-16 13:11:38.707 24834-24973/com.quickblox.sample.videochatwebrtcnew D/LooperExecutor: POST.Run on thread:1545
10-16 13:11:38.730 24834-29466/com.quickblox.sample.videochatwebrtcnew V/VideoCapturerAndroid: Camera is running out of capture buffers. Pending buffers: [ 87817946 87817888 87817906]
10-16 13:11:38.840 24834-29466/com.quickblox.sample.videochatwebrtcnew V/VideoCapturerAndroid: Frame returned when camera is running out of capture buffers for TS 87817888
10-16 13:11:39.027 24834-29466/com.quickblox.sample.videochatwebrtcnew V/VideoCapturerAndroid: Camera is running out of capture buffers. Pending buffers: [ 87818169 87818240 87818147]
10-16 13:11:39.058 24834-29466/com.quickblox.sample.videochatwebrtcnew V/VideoCapturerAndroid: Frame returned when camera is running out of capture buffers for TS 87818147
10-16 13:11:39.097 24834-29446/com.quickblox.sample.videochatwebrtcnew D/QBASDK: QBGLVideoView
10-16 13:11:39.199 24834-29466/com.quickblox.sample.videochatwebrtcnew V/VideoCapturerAndroid: Camera is running out of capture buffers. Pending buffers: [ 87818367 87818407 87818340]
10-16 13:11:39.285 24834-29466/com.quickblox.sample.videochatwebrtcnew V/VideoCapturerAndroid: Frame returned when camera is running out of capture buffers for TS 87818340
10-16 13:11:39.387 24834-29466/com.quickblox.sample.videochatwebrtcnew V/VideoCapturerAndroid: Camera is running out of capture buffers. Pending buffers: [ 87818564 87818599 87818528]
10-16 13:11:39.410 24834-29466/com.quickblox.sample.videochatwebrtcnew V/VideoCapturerAndroid: Frame returned when camera is running out of capture buffers for TS 87818528
10-16 13:11:39.543 24834-29466/com.quickblox.sample.videochatwebrtcnew V/VideoCapturerAndroid: Camera is running out of capture buffers. Pending buffers: [ 87818702 87818751 87818675]
10-16 13:11:39.551 24834-29466/com.quickblox.sample.videochatwebrtcnew V/VideoCapturerAndroid: Frame returned when camera is running out of capture buffers for TS 87818675
10-16 13:11:39.590 24834-29466/com.quickblox.sample.videochatwebrtcnew V/VideoCapturerAndroid: Camera is running out of capture buffers. Pending buffers: [ 87818702 87818751 87818803]
10-16 13:11:39.605 24834-29466/com.quickblox.sample.videochatwebrtcnew V/VideoCapturerAndroid: Frame returned when camera is running out of capture buffers for TS 87818702
10-16 13:11:39.629 24834-29466/com.quickblox.sample.videochatwebrtcnew V/VideoCapturerAndroid: Camera is running out of capture buffers. Pending buffers: [ 87818842 87818751 87818803]
10-16 13:11:39.660 24834-29466/com.quickblox.sample.videochatwebrtcnew V/VideoCapturerAndroid: Frame returned when camera is running out of capture buffers for TS 87818751
10-16 13:11:39.808 24834-29466/com.quickblox.sample.videochatwebrtcnew V/VideoCapturerAndroid: Camera is running out of capture buffers. Pending buffers: [ 87819023 87818942 87818981]
10-16 13:11:39.832 24834-29466/com.quickblox.sample.videochatwebrtcnew V/VideoCapturerAndroid: Frame returned when camera is running out of capture buffers for TS 87818942
10-16 13:11:39.894 24834-29466/com.quickblox.sample.videochatwebrtcnew V/VideoCapturerAndroid: Camera is running out of capture buffers. Pending buffers: [ 87819023 87819110 87818981]
10-16 13:11:39.910 24834-29466/com.quickblox.sample.videochatwebrtcnew V/VideoCapturerAndroid: Frame returned when camera is running out of capture buffers for TS 87818981
10-16 13:11:39.949 24834-29466/com.quickblox.sample.videochatwebrtcnew V/VideoCapturerAndroid: Camera is running out of capture buffers. Pending buffers: [ 87819023 87819110 87819160]
10-16 13:11:39.972 24834-29466/com.quickblox.sample.videochatwebrtcnew V/VideoCapturerAndroid: Frame returned when camera is running out of capture buffers for TS 87819023
10-16 13:11:40.113 24834-29466/com.quickblox.sample.videochatwebrtcnew V/VideoCapturerAndroid: Camera is running out of capture buffers. Pending buffers: [ 87819230 87819270 87819327]
10-16 13:11:40.152 24834-29466/com.quickblox.sample.videochatwebrtcnew V/VideoCapturerAndroid: Frame returned when camera is running out of capture buffers for TS 87819230
10-16 13:11:40.199 24834-29466/com.quickblox.sample.videochatwebrtcnew V/VideoCapturerAndroid: Camera is running out of capture buffers. Pending buffers: [ 87819410 87819270 87819327]
10-16 13:11:40.230 24834-29466/com.quickblox.sample.videochatwebrtcnew V/VideoCapturerAndroid: Frame returned when camera is running out of capture buffers for TS 87819270
10-16 13:11:40.230 24834-29446/com.quickblox.sample.videochatwebrtcnew D/QBASDK: QBGLVideoView
10-16 13:11:40.426 24834-29466/com.quickblox.sample.videochatwebrtcnew V/VideoCapturerAndroid: Camera is running out of capture buffers. Pending buffers: [ 87819588 87819623 87819638]
10-16 13:11:40.519 24834-29466/com.quickblox.sample.videochatwebrtcnew V/VideoCapturerAndroid: Frame returned when camera is running out of capture buffers for TS 87819588
10-16 13:11:40.738 24834-29466/com.quickblox.sample.videochatwebrtcnew V/VideoCapturerAndroid: Camera is running out of capture buffers. Pending buffers: [ 87819795 87819887 87819953]
10-16 13:11:40.801 24834-29466/com.quickblox.sample.videochatwebrtcnew V/VideoCapturerAndroid: Frame returned when camera is running out of capture buffers for TS 87819795
10-16 13:11:40.996 24834-29466/com.quickblox.sample.videochatwebrtcnew V/VideoCapturerAndroid: Camera is running out of capture buffers. Pending buffers: [ 87820114 87820158 87820209]
10-16 13:11:41.176 24834-29466/com.quickblox.sample.videochatwebrtcnew V/VideoCapturerAndroid: Frame returned when camera is running out of capture buffers for TS 87820114
10-16 13:11:41.433 24834-29466/com.quickblox.sample.videochatwebrtcnew V/VideoCapturerAndroid: Camera is running out of capture buffers. Pending buffers: [ 87820493 87820590 87820644]
10-16 13:11:41.496 24834-29446/com.quickblox.sample.videochatwebrtcnew D/QBASDK: QBGLVideoView
10-16 13:11:41.613 24834-29466/com.quickblox.sample.videochatwebrtcnew V/VideoCapturerAndroid: Frame returned when camera is running out of capture buffers for TS 87820493
10-16 13:11:41.840 24834-29466/com.quickblox.sample.videochatwebrtcnew V/VideoCapturerAndroid: Camera is running out of capture buffers. Pending buffers: [ 87820884 87820943 87820991]
10-16 13:11:42.035 24834-29466/com.quickblox.sample.videochatwebrtcnew V/VideoCapturerAndroid: Frame returned when camera is running out of capture buffers for TS 87820884
10-16 13:11:42.207 24834-29466/com.quickblox.sample.videochatwebrtcnew V/VideoCapturerAndroid: Camera is running out of capture buffers. Pending buffers: [ 87821331 87821370 87821421]
10-16 13:11:42.316 24834-29466/com.quickblox.sample.videochatwebrtcnew V/VideoCapturerAndroid: Frame returned when camera is running out of capture buffers for TS 87821331
10-16 13:11:42.519 24834-29466/com.quickblox.sample.videochatwebrtcnew V/VideoCapturerAndroid: Camera is running out of capture buffers. Pending buffers: [ 87821601 87821679 87821729]
10-16 13:11:42.715 24834-29466/com.quickblox.sample.videochatwebrtcnew D/VideoCapturerAndroid: Camera fps: 14. CaptureBuffers: 2.0. Pending buffers: [ 87821601 87821679 87821729]
10-16 13:11:42.722 24834-29446/com.quickblox.sample.videochatwebrtcnew D/QBASDK: QBGLVideoView
10-16 13:11:42.722 24834-29466/com.quickblox.sample.videochatwebrtcnew V/VideoCapturerAndroid: Frame returned when camera is running out of capture buffers for TS 87821601
10-16 13:11:42.988 24834-29466/com.quickblox.sample.videochatwebrtcnew V/VideoCapturerAndroid: Camera is running out of capture buffers. Pending buffers: [ 87822059 87822153 87822195]
10-16 13:11:43.137 24834-29466/com.quickblox.sample.videochatwebrtcnew V/VideoCapturerAndroid: Frame returned when camera is running out of capture buffers for TS 87822059
10-16 13:11:43.301 24834-29466/com.quickblox.sample.videochatwebrtcnew V/VideoCapturerAndroid: Camera is running out of capture buffers. Pending buffers: [ 87822427 87822471 87822501]
10-16 13:11:43.418 24834-29466/com.quickblox.sample.videochatwebrtcnew V/VideoCapturerAndroid: Frame returned when camera is running out of capture buffers for TS 87822427
10-16 13:11:43.683 24834-29466/com.quickblox.sample.videochatwebrtcnew V/VideoCapturerAndroid: Camera is running out of capture buffers. Pending buffers: [ 87822745 87822827 87822889]
10-16 13:11:43.816 24834-29466/com.quickblox.sample.videochatwebrtcnew V/VideoCapturerAndroid: Frame returned when camera is running out of capture buffers for TS 87822745
10-16 13:11:43.965 24834-29466/com.quickblox.sample.videochatwebrtcnew V/VideoCapturerAndroid: Camera is running out of capture buffers. Pending buffers: [ 87823093 87823132 87823173]
10-16 13:11:44.105 24834-29446/com.quickblox.sample.videochatwebrtcnew D/QBASDK: QBGLVideoView
10-16 13:11:44.160 24834-29466/com.quickblox.sample.videochatwebrtcnew V/VideoCapturerAndroid: Frame returned when camera is running out of capture buffers for TS 87823093
10-16 13:11:44.332 24834-29466/com.quickblox.sample.videochatwebrtcnew V/VideoCapturerAndroid: Camera is running out of capture buffers. Pending buffers: [ 87823442 87823506 87823545]
10-16 13:11:44.480 24834-29466/com.quickblox.sample.videochatwebrtcnew V/VideoCapturerAndroid: Frame returned when camera is running out of capture buffers for TS 87823442
10-16 13:11:44.676 24834-29466/com.quickblox.sample.videochatwebrtcnew V/VideoCapturerAndroid: Camera is running out of capture buffers. Pending buffers: [ 87823762 87823819 87823883]
10-16 13:11:44.847 24834-29466/com.quickblox.sample.videochatwebrtcnew V/VideoCapturerAndroid: Frame returned when camera is running out of capture buffers for TS 87823762
10-16 13:11:45.027 24834-29466/com.quickblox.sample.videochatwebrtcnew V/VideoCapturerAndroid: Camera is running out of capture buffers. Pending buffers: [ 87824112 87824172 87824235]
10-16 13:11:45.082 24834-29466/com.quickblox.sample.videochatwebrtcnew V/VideoCapturerAndroid: Frame returned when camera is running out of capture buffers for TS 87824112
10-16 13:11:45.152 24834-29466/com.quickblox.sample.videochatwebrtcnew V/VideoCapturerAndroid: Camera is running out of capture buffers. Pending buffers: [ 87824364 87824172 87824235]
10-16 13:11:45.168 24834-29466/com.quickblox.sample.videochatwebrtcnew V/VideoCapturerAndroid: Frame returned when camera is running out of capture buffers for TS 87824172
10-16 13:11:45.355 24834-29466/com.quickblox.sample.videochatwebrtcnew V/VideoCapturerAndroid: Camera is running out of capture buffers. Pending buffers: [ 87824563 87824469 87824500]
10-16 13:11:45.394 24834-29446/com.quickblox.sample.videochatwebrtcnew D/QBASDK: QBGLVideoView
10-16 13:11:45.543 24834-29466/com.quickblox.sample.videochatwebrtcnew V/VideoCapturerAndroid: Frame returned when camera is running out of capture buffers for TS 87824469
10-16 13:11:45.699 24834-29466/com.quickblox.sample.videochatwebrtcnew V/VideoCapturerAndroid: Camera is running out of capture buffers. Pending buffers: [ 87824908 87824823 87824864]
10-16 13:11:45.902 24834-29466/com.quickblox.sample.videochatwebrtcnew V/VideoCapturerAndroid: Frame returned when camera is running out of capture buffers for TS 87824823
10-16 13:11:46.074 24834-29466/com.quickblox.sample.videochatwebrtcnew V/VideoCapturerAndroid: Camera is running out of capture buffers. Pending buffers: [ 87825283 87825191 87825248]
10-16 13:11:46.222 24834-29466/com.quickblox.sample.videochatwebrtcnew V/VideoCapturerAndroid: Frame returned when camera is running out of capture buffers for TS 87825191
10-16 13:11:46.410 24834-29446/com.quickblox.sample.videochatwebrtcnew D/QBASDK: QBGLVideoView
10-16 13:11:46.426 24834-29466/com.quickblox.sample.videochatwebrtcnew V/VideoCapturerAndroid: Camera is running out of capture buffers. Pending buffers: [ 87825628 87825501 87825572]
10-16 13:11:46.558 24834-29466/com.quickblox.sample.videochatwebrtcnew V/VideoCapturerAndroid: Frame returned when camera is running out of capture buffers for TS 87825501
10-16 13:11:46.668 24834-29466/com.quickblox.sample.videochatwebrtcnew V/VideoCapturerAndroid: Camera is running out of capture buffers. Pending buffers: [ 87825879 87825806 87825834]
10-16 13:11:46.730 24834-29466/com.quickblox.sample.videochatwebrtcnew V/VideoCapturerAndroid: Frame returned when camera is running out of capture buffers for TS 87825806
10-16 13:11:46.863 24834-29466/com.quickblox.sample.videochatwebrtcnew V/VideoCapturerAndroid: Camera is running out of capture buffers. Pending buffers: [ 87826078 87826012 87826034]
10-16 13:11:46.910 24834-29466/com.quickblox.sample.videochatwebrtcnew V/VideoCapturerAndroid: Frame returned when camera is running out of capture buffers for TS 87826012
10-16 13:11:46.949 24834-29466/com.quickblox.sample.videochatwebrtcnew V/VideoCapturerAndroid: Camera is running out of capture buffers. Pending buffers: [ 87826078 87826165 87826034]
10-16 13:11:46.988 24834-29466/com.quickblox.sample.videochatwebrtcnew V/VideoCapturerAndroid: Frame returned when camera is running out of capture buffers for TS 87826034
10-16 13:11:47.027 24834-29466/com.quickblox.sample.videochatwebrtcnew V/VideoCapturerAndroid: Camera is running out of capture buffers. Pending buffers: [ 87826078 87826165 87826235]
10-16 13:11:47.043 24834-29466/com.quickblox.sample.videochatwebrtcnew V/VideoCapturerAndroid: Frame returned when camera is running out of capture buffers for TS 87826078
10-16 13:11:47.269 24834-29466/com.quickblox.sample.videochatwebrtcnew V/VideoCapturerAndroid: Camera is running out of capture buffers. Pending buffers: [ 87826441 87826484 87826413]
10-16 13:11:47.285 24834-29466/com.quickblox.sample.videochatwebrtcnew V/VideoCapturerAndroid: Frame returned when camera is running out of capture buffers for TS 87826413
10-16 13:11:47.301 24834-29466/com.quickblox.sample.videochatwebrtcnew V/VideoCapturerAndroid: Camera is running out of capture buffers. Pending buffers: [ 87826441 87826484 87826512]
10-16 13:11:47.340 24834-29466/com.quickblox.sample.videochatwebrtcnew V/VideoCapturerAndroid: Frame returned when camera is running out of capture buffers for TS 87826441
10-16 13:11:47.426 24834-29446/com.quickblox.sample.videochatwebrtcnew D/QBASDK: QBGLVideoView
10-16 13:11:47.535 24834-29466/com.quickblox.sample.videochatwebrtcnew V/VideoCapturerAndroid: Camera is running out of capture buffers. Pending buffers: [ 87826748 87826683 87826713]
10-16 13:11:47.558 24834-29466/com.quickblox.sample.videochatwebrtcnew V/VideoCapturerAndroid: Frame returned when camera is running out of capture buffers for TS 87826683
10-16 13:11:47.597 24834-29466/com.quickblox.sample.videochatwebrtcnew V/VideoCapturerAndroid: Camera is running out of capture buffers. Pending buffers: [ 87826748 87826806 87826713]
10-16 13:11:47.613 24834-29466/com.quickblox.sample.videochatwebrtcnew V/VideoCapturerAndroid: Frame returned when camera is running out of capture buffers for TS 87826713
10-16 13:11:47.660 24834-29466/com.quickblox.sample.videochatwebrtcnew V/VideoCapturerAndroid: Camera is running out of capture buffers. Pending buffers: [ 87826748 87826806 87826873]
10-16 13:11:47.683 24834-29466/com.quickblox.sample.videochatwebrtcnew V/VideoCapturerAndroid: Frame returned when camera is running out of capture buffers for TS 87826748
10-16 13:11:47.715 24834-29466/com.quickblox.sample.videochatwebrtcnew D/VideoCapturerAndroid: Camera fps: 11. CaptureBuffers: 1.9. Pending buffers: [ 87826806 87826873]
10-16 13:11:47.730 24834-29466/com.quickblox.sample.videochatwebrtcnew V/VideoCapturerAndroid: Camera is running out of capture buffers. Pending buffers: [ 87826945 87826806 87826873]
10-16 13:11:47.754 24834-29466/com.quickblox.sample.videochatwebrtcnew V/VideoCapturerAndroid: Frame returned when camera is running out of capture buffers for TS 87826806
